Archive member included to satisfy reference by file (symbol)

C:/Renesas/RA/e2studio_v2023-10_fsp_v5.1.0/toolchains/gcc_arm/13.2.rel1/bin/../lib/gcc/arm-none-eabi/13.2.1/thumb/v8-m.main+fp/hard\libgcc.a(_arm_muldf3.o)
                              ./src/hal_entry.o (__aeabi_dmul)
C:/Renesas/RA/e2studio_v2023-10_fsp_v5.1.0/toolchains/gcc_arm/13.2.rel1/bin/../lib/gcc/arm-none-eabi/13.2.1/thumb/v8-m.main+fp/hard\libgcc.a(_arm_addsubdf3.o)
                              ./src/hal_entry.o (__aeabi_ui2d)
C:/Renesas/RA/e2studio_v2023-10_fsp_v5.1.0/toolchains/gcc_arm/13.2.rel1/bin/../lib/gcc/arm-none-eabi/13.2.1/thumb/v8-m.main+fp/hard\libgcc.a(_arm_muldivdf3.o)
                              ./src/hal_entry.o (__aeabi_ddiv)
C:/Renesas/RA/e2studio_v2023-10_fsp_v5.1.0/toolchains/gcc_arm/13.2.rel1/bin/../lib/gcc/arm-none-eabi/13.2.1/thumb/v8-m.main+fp/hard\libgcc.a(_arm_cmpdf2.o)
                              ./src/hal_entry.o (__aeabi_dcmple)
C:/Renesas/RA/e2studio_v2023-10_fsp_v5.1.0/toolchains/gcc_arm/13.2.rel1/bin/../lib/gcc/arm-none-eabi/13.2.1/thumb/v8-m.main+fp/hard\libgcc.a(_aeabi_ldivmod.o)
                              ./ra/fsp/src/r_sci_uart/r_sci_uart.o (__aeabi_ldivmod)
C:/Renesas/RA/e2studio_v2023-10_fsp_v5.1.0/toolchains/gcc_arm/13.2.rel1/bin/../lib/gcc/arm-none-eabi/13.2.1/thumb/v8-m.main+fp/hard\libgcc.a(_udivmoddi4.o)
                              C:/Renesas/RA/e2studio_v2023-10_fsp_v5.1.0/toolchains/gcc_arm/13.2.rel1/bin/../lib/gcc/arm-none-eabi/13.2.1/thumb/v8-m.main+fp/hard\libgcc.a(_aeabi_ldivmod.o) (__udivmoddi4)
C:/Renesas/RA/e2studio_v2023-10_fsp_v5.1.0/toolchains/gcc_arm/13.2.rel1/bin/../lib/gcc/arm-none-eabi/13.2.1/thumb/v8-m.main+fp/hard\libgcc.a(_dvmd_tls.o)
                              C:/Renesas/RA/e2studio_v2023-10_fsp_v5.1.0/toolchains/gcc_arm/13.2.rel1/bin/../lib/gcc/arm-none-eabi/13.2.1/thumb/v8-m.main+fp/hard\libgcc.a(_aeabi_ldivmod.o) (__aeabi_ldiv0)
C:/Renesas/RA/e2studio_v2023-10_fsp_v5.1.0/toolchains/gcc_arm/13.2.rel1/bin/../lib/gcc/arm-none-eabi/13.2.1/thumb/v8-m.main+fp/hard\libg_nano.a(libc_a-exit.o)
                              C:/Renesas/RA/e2studio_v2023-10_fsp_v5.1.0/toolchains/gcc_arm/13.2.rel1/bin/../lib/gcc/arm-none-eabi/13.2.1/thumb/v8-m.main+fp/hard/crt0.o (exit)
C:/Renesas/RA/e2studio_v2023-10_fsp_v5.1.0/toolchains/gcc_arm/13.2.rel1/bin/../lib/gcc/arm-none-eabi/13.2.1/thumb/v8-m.main+fp/hard\libg_nano.a(libc_a-nano-vfprintf_float.o)
                              (_printf_float)
C:/Renesas/RA/e2studio_v2023-10_fsp_v5.1.0/toolchains/gcc_arm/13.2.rel1/bin/../lib/gcc/arm-none-eabi/13.2.1/thumb/v8-m.main+fp/hard\libg_nano.a(libc_a-nano-vfprintf_i.o)
                              C:/Renesas/RA/e2studio_v2023-10_fsp_v5.1.0/toolchains/gcc_arm/13.2.rel1/bin/../lib/gcc/arm-none-eabi/13.2.1/thumb/v8-m.main+fp/hard\libg_nano.a(libc_a-nano-vfprintf_float.o) (_printf_common)
C:/Renesas/RA/e2studio_v2023-10_fsp_v5.1.0/toolchains/gcc_arm/13.2.rel1/bin/../lib/gcc/arm-none-eabi/13.2.1/thumb/v8-m.main+fp/hard\libg_nano.a(libc_a-findfp.o)
                              C:/Renesas/RA/e2studio_v2023-10_fsp_v5.1.0/toolchains/gcc_arm/13.2.rel1/bin/../lib/gcc/arm-none-eabi/13.2.1/thumb/v8-m.main+fp/hard\libg_nano.a(libc_a-exit.o) (__stdio_exit_handler)
C:/Renesas/RA/e2studio_v2023-10_fsp_v5.1.0/toolchains/gcc_arm/13.2.rel1/bin/../lib/gcc/arm-none-eabi/13.2.1/thumb/v8-m.main+fp/hard\libg_nano.a(libc_a-fwalk.o)
                              C:/Renesas/RA/e2studio_v2023-10_fsp_v5.1.0/toolchains/gcc_arm/13.2.rel1/bin/../lib/gcc/arm-none-eabi/13.2.1/thumb/v8-m.main+fp/hard\libg_nano.a(libc_a-findfp.o) (_fwalk_sglue)
C:/Renesas/RA/e2studio_v2023-10_fsp_v5.1.0/toolchains/gcc_arm/13.2.rel1/bin/../lib/gcc/arm-none-eabi/13.2.1/thumb/v8-m.main+fp/hard\libg_nano.a(libc_a-printf.o)
                              ./src/hal_entry.o (printf)
C:/Renesas/RA/e2studio_v2023-10_fsp_v5.1.0/toolchains/gcc_arm/13.2.rel1/bin/../lib/gcc/arm-none-eabi/13.2.1/thumb/v8-m.main+fp/hard\libg_nano.a(libc_a-setvbuf.o)
                              ./src/hal_entry.o (setvbuf)
C:/Renesas/RA/e2studio_v2023-10_fsp_v5.1.0/toolchains/gcc_arm/13.2.rel1/bin/../lib/gcc/arm-none-eabi/13.2.1/thumb/v8-m.main+fp/hard\libg_nano.a(libc_a-sprintf.o)
                              ./src/hal_entry.o (sprintf)
C:/Renesas/RA/e2studio_v2023-10_fsp_v5.1.0/toolchains/gcc_arm/13.2.rel1/bin/../lib/gcc/arm-none-eabi/13.2.1/thumb/v8-m.main+fp/hard\libg_nano.a(libc_a-stdio.o)
                              C:/Renesas/RA/e2studio_v2023-10_fsp_v5.1.0/toolchains/gcc_arm/13.2.rel1/bin/../lib/gcc/arm-none-eabi/13.2.1/thumb/v8-m.main+fp/hard\libg_nano.a(libc_a-findfp.o) (__sread)
C:/Renesas/RA/e2studio_v2023-10_fsp_v5.1.0/toolchains/gcc_arm/13.2.rel1/bin/../lib/gcc/arm-none-eabi/13.2.1/thumb/v8-m.main+fp/hard\libg_nano.a(libc_a-memset.o)
                              C:/Renesas/RA/e2studio_v2023-10_fsp_v5.1.0/toolchains/gcc_arm/13.2.rel1/bin/../lib/gcc/arm-none-eabi/13.2.1/thumb/v8-m.main+fp/hard/crt0.o (memset)
[...]
Memory Configuration

Name             Origin             Length             Attributes
ITCM             0x00000000         0x00000000         xr
DTCM             0x00000000         0x00000000         xrw
FLASH            0x00000000         0x00200000         xr
RAM              0x20000000         0x00080000         xrw
DATA_FLASH       0x08000000         0x00002000         xr
QSPI_FLASH       0x60000000         0x04000000         xr
OSPI_DEVICE_0    0x68000000         0x08000000         xr
OSPI_DEVICE_1    0x70000000         0x10000000         xr
OSPI_DEVICE_0_RAM 0x68000000         0x08000000         xrw
OSPI_DEVICE_1_RAM 0x70000000         0x10000000         xrw
SDRAM            0x80010000         0x00000000         xrw
OPTION_SETTING   0x0100a100         0x00000100         r
OPTION_SETTING_OFS 0x0100a100         0x00000018         r
OPTION_SETTING_SAS 0x0100a134         0x000000cc         r
OPTION_SETTING_S 0x0100a200         0x00000100         r
ID_CODE          0x00000000         0x00000000         xr
*default*        0x00000000         0xffffffff

Linker script and memory map

LOAD C:/Renesas/RA/e2studio_v2023-10_fsp_v5.1.0/toolchains/gcc_arm/13.2.rel1/bin/../lib/gcc/arm-none-eabi/13.2.1/thumb/v8-m.main+fp/hard/crti.o
LOAD C:/Renesas/RA/e2studio_v2023-10_fsp_v5.1.0/toolchains/gcc_arm/13.2.rel1/bin/../lib/gcc/arm-none-eabi/13.2.1/thumb/v8-m.main+fp/hard/crtbegin.o
LOAD C:/Renesas/RA/e2studio_v2023-10_fsp_v5.1.0/toolchains/gcc_arm/13.2.rel1/bin/../lib/gcc/arm-none-eabi/13.2.1/thumb/v8-m.main+fp/hard/crt0.o
START GROUP
LOAD ./src/hal_entry.o
LOAD ./src/lcd1602.o
LOAD ./ra_gen/common_data.o
LOAD ./ra_gen/hal_data.o
LOAD ./ra_gen/main.o
LOAD ./ra_gen/pin_data.o
LOAD ./ra_gen/vector_data.o
LOAD ./ra/fsp/src/rm_ob1203/light_proximity_mode/rm_ob1203_light_proximity_mode.o
LOAD ./ra/fsp/src/rm_ob1203/rm_ob1203.o
LOAD ./ra/fsp/src/rm_ob1203/rm_ob1203_ra_driver.o
LOAD ./ra/fsp/src/rm_hs300x/rm_hs300x.o
LOAD ./ra/fsp/src/rm_hs300x/rm_hs300x_ra_driver.o
LOAD ./ra/fsp/src/rm_comms_i2c/rm_comms_i2c.o
LOAD ./ra/fsp/src/rm_comms_i2c/rm_comms_i2c_driver_ra.o
LOAD ./ra/fsp/src/r_sci_uart/r_sci_uart.o
LOAD ./ra/fsp/src/r_ioport/r_ioport.o
LOAD ./ra/fsp/src/r_iic_master/r_iic_master.o
LOAD ./ra/fsp/src/r_adc/r_adc.o
LOAD ./ra/fsp/src/bsp/mcu/all/bsp_clocks.o
LOAD ./ra/fsp/src/bsp/mcu/all/bsp_common.o
LOAD ./ra/fsp/src/bsp/mcu/all/bsp_delay.o
LOAD ./ra/fsp/src/bsp/mcu/all/bsp_group_irq.o
LOAD ./ra/fsp/src/bsp/mcu/all/bsp_guard.o
LOAD ./ra/fsp/src/bsp/mcu/all/bsp_io.o
LOAD ./ra/fsp/src/bsp/mcu/all/bsp_irq.o
LOAD ./ra/fsp/src/bsp/mcu/all/bsp_register_protection.o
LOAD ./ra/fsp/src/bsp/mcu/all/bsp_rom_registers.o
LOAD ./ra/fsp/src/bsp/mcu/all/bsp_sbrk.o
LOAD ./ra/fsp/src/bsp/mcu/all/bsp_security.o
LOAD ./ra/fsp/src/bsp/cmsis/Device/RENESAS/Source/startup.o
LOAD ./ra/fsp/src/bsp/cmsis/Device/RENESAS/Source/system.o
LOAD ./ra/board/ra6m5_ck/board_init.o
LOAD ./ra/board/ra6m5_ck/board_leds.o
END GROUP
START GROUP
LOAD C:/Renesas/RA/e2studio_v2023-10_fsp_v5.1.0/toolchains/gcc_arm/13.2.rel1/bin/../lib/gcc/arm-none-eabi/13.2.1/thumb/v8-m.main+fp/hard\libgcc.a
LOAD C:/Renesas/RA/e2studio_v2023-10_fsp_v5.1.0/toolchains/gcc_arm/13.2.rel1/bin/../lib/gcc/arm-none-eabi/13.2.1/thumb/v8-m.main+fp/hard\libg_nano.a
LOAD C:/Renesas/RA/e2studio_v2023-10_fsp_v5.1.0/toolchains/gcc_arm/13.2.rel1/bin/../lib/gcc/arm-none-eabi/13.2.1/thumb/v8-m.main+fp/hard\libc_nano.a
END GROUP
START GROUP
LOAD C:/Renesas/RA/e2studio_v2023-10_fsp_v5.1.0/toolchains/gcc_arm/13.2.rel1/bin/../lib/gcc/arm-none-eabi/13.2.1/thumb/v8-m.main+fp/hard\libgcc.a
LOAD C:/Renesas/RA/e2studio_v2023-10_fsp_v5.1.0/toolchains/gcc_arm/13.2.rel1/bin/../lib/gcc/arm-none-eabi/13.2.1/thumb/v8-m.main+fp/hard\libc_nano.a
LOAD C:/Renesas/RA/e2studio_v2023-10_fsp_v5.1.0/toolchains/gcc_arm/13.2.rel1/bin/../lib/gcc/arm-none-eabi/13.2.1/thumb/v8-m.main+fp/hard\libnosys.a
END GROUP
START GROUP
LOAD C:/Renesas/RA/e2studio_v2023-10_fsp_v5.1.0/toolchains/gcc_arm/13.2.rel1/bin/../lib/gcc/arm-none-eabi/13.2.1/thumb/v8-m.main+fp/hard\libgcc.a
LOAD C:/Renesas/RA/e2studio_v2023-10_fsp_v5.1.0/toolchains/gcc_arm/13.2.rel1/bin/../lib/gcc/arm-none-eabi/13.2.1/thumb/v8-m.main+fp/hard\libc_nano.a
LOAD C:/Renesas/RA/e2studio_v2023-10_fsp_v5.1.0/toolchains/gcc_arm/13.2.rel1/bin/../lib/gcc/arm-none-eabi/13.2.1/thumb/v8-m.main+fp/hard\libnosys.a
END GROUP
LOAD C:/Renesas/RA/e2studio_v2023-10_fsp_v5.1.0/toolchains/gcc_arm/13.2.rel1/bin/../lib/gcc/arm-none-eabi/13.2.1/thumb/v8-m.main+fp/hard/crtend.o
LOAD C:/Renesas/RA/e2studio_v2023-10_fsp_v5.1.0/toolchains/gcc_arm/13.2.rel1/bin/../lib/gcc/arm-none-eabi/13.2.1/thumb/v8-m.main+fp/hard/crtn.o
                0x20000000                        RAM_START = 0x20000000
                0x00080000                        RAM_LENGTH = 0x80000
                0x00000000                        FLASH_START = 0x0
                0x00200000                        FLASH_LENGTH = 0x200000
                0x08000000                        DATA_FLASH_START = 0x8000000
                0x00002000                        DATA_FLASH_LENGTH = 0x2000
                0x0100a100                        OPTION_SETTING_START = 0x100a100
                0x00000100                        OPTION_SETTING_LENGTH = 0x100
                0x0100a200                        OPTION_SETTING_S_START = 0x100a200
                0x00000100                        OPTION_SETTING_S_LENGTH = 0x100
                0x00000000                        ID_CODE_START = 0x0
                0x00000000                        ID_CODE_LENGTH = 0x0
                0x80010000                        SDRAM_START = 0x80010000
                0x00000000                        SDRAM_LENGTH = 0x0
                0x60000000                        QSPI_FLASH_START = 0x60000000
                0x04000000                        QSPI_FLASH_LENGTH = 0x4000000
                0x68000000                        OSPI_DEVICE_0_START = 0x68000000
                0x08000000                        OSPI_DEVICE_0_LENGTH = 0x8000000
                0x70000000                        OSPI_DEVICE_1_START = 0x70000000
                0x10000000                        OSPI_DEVICE_1_LENGTH = 0x10000000
                0x04000000                        QSPI_FLASH_PRV_LENGTH = DEFINED (QSPI_FLASH_SIZE)?ABSOLUTE (QSPI_FLASH_SIZE):ABSOLUTE (QSPI_FLASH_LENGTH)
                0x08000000                        OSPI_DEVICE_0_PRV_LENGTH = DEFINED (OSPI_DEVICE_0_SIZE)?ABSOLUTE (OSPI_DEVICE_0_SIZE):ABSOLUTE (OSPI_DEVICE_0_LENGTH)
                0x10000000                        OSPI_DEVICE_1_PRV_LENGTH = DEFINED (OSPI_DEVICE_1_SIZE)?ABSOLUTE (OSPI_DEVICE_1_SIZE):ABSOLUTE (OSPI_DEVICE_1_LENGTH)
                0x00000000                        __RESERVE_NS_RAM = ((! (DEFINED (PROJECT_NONSECURE)) && DEFINED (RAM_NS_BUFFER_LENGTH)) && (OPTION_SETTING_S_LENGTH != 0x0))
                0x00000000                        ITCM_START = DEFINED (ITCM_START)?ITCM_START:0x0
                0x00000000                        ITCM_LENGTH = DEFINED (ITCM_LENGTH)?ITCM_LENGTH:0x0
                0x00000000                        DTCM_START = DEFINED (DTCM_START)?DTCM_START:0x0
                0x00000000                        DTCM_LENGTH = DEFINED (DTCM_LENGTH)?DTCM_LENGTH:0x0
                0x00000000                        RAM_NS_BUFFER_BLOCK_LENGTH = DEFINED (RAM_NS_BUFFER_LENGTH)?ALIGN (RAM_NS_BUFFER_LENGTH, 0x2000):0x0
                0x00000000                        RAM_NS_BUFFER_LENGTH = DEFINED (RAM_NS_BUFFER_LENGTH)?RAM_NS_BUFFER_LENGTH:0x0
                0x20080000                        RAM_NS_BUFFER_START = ((RAM_START + RAM_LENGTH) - RAM_NS_BUFFER_LENGTH)
                0x20080000                        RAM_NS_BUFFER_BLOCK_START = ((RAM_START + RAM_LENGTH) - RAM_NS_BUFFER_BLOCK_LENGTH)
                0x0100a180                        OPTION_SETTING_START_NS = DEFINED (PROJECT_NONSECURE)?OPTION_SETTING_START:(OPTION_SETTING_START + 0x80)
                0x00000001                        __bl_FSP_BOOTABLE_IMAGE = 0x1
                0x00000001                        __bln_FSP_BOOTABLE_IMAGE = 0x1
                0x00000001                        PROJECT_SECURE_OR_FLAT = (((! (DEFINED (PROJECT_NONSECURE)) || DEFINED (PROJECT_SECURE)) && OPTION_SETTING_LENGTH) && ! (DEFINED (FSP_BOOTABLE_IMAGE)))
                0x00000000                        USE_OPTION_SETTING_NS = (DEFINED (PROJECT_NONSECURE) && ! (DEFINED (FSP_BOOTABLE_IMAGE)))
                0x00000000                        __bl_FLASH_IMAGE_START = ! (DEFINED (FLASH_BOOTLOADER_LENGTH))?0x0:(FLASH_APPLICATION_IMAGE_NUMBER == 0x1)?((FLASH_START + FLASH_BOOTLOADER_LENGTH) + FLASH_BOOTLOADER_HEADER_LENGTH):((((FLASH_START + FLASH_BOOTLOADER_LENGTH) + FLASH_BOOTLOADER_SCRATCH_LENGTH) + FLASH_APPLICATION_S_LENGTH) + FLASH_BOOTLOADER_HEADER_LENGTH)
                0x00000000                        __bl_FLASH_IMAGE_LENGTH = ! (DEFINED (FLASH_BOOTLOADER_LENGTH))?0x0:(FLASH_APPLICATION_S_LENGTH - FLASH_BOOTLOADER_HEADER_LENGTH)
                0x00000000                        __bl_FLASH_IMAGE_END = (__bl_FLASH_IMAGE_START + __bl_FLASH_IMAGE_LENGTH)
                0x00000000                        __bl_XIP_SECONDARY_FLASH_IMAGE_START = ! (DEFINED (FLASH_BOOTLOADER_LENGTH))?0x0:((FLASH_BOOTLOADER_LENGTH + FLASH_APPLICATION_S_LENGTH) + FLASH_BOOTLOADER_HEADER_LENGTH)
                0x00000000                        __bl_XIP_SECONDARY_FLASH_IMAGE_END = (__bl_XIP_SECONDARY_FLASH_IMAGE_START + __bl_FLASH_IMAGE_LENGTH)
                0x00000000                        __bl_FLASH_NS_START = ! (DEFINED (FLASH_BOOTLOADER_LENGTH))?0x0:(FLASH_APPLICATION_NS_LENGTH == 0x0)?__bl_FLASH_IMAGE_END:((__bl_FLASH_IMAGE_START - FLASH_BOOTLOADER_HEADER_LENGTH) + FLASH_APPLICATION_S_LENGTH)
                0x00000000                        __bl_FLASH_NSC_START = ! (DEFINED (FLASH_BOOTLOADER_LENGTH))?0x0:(FLASH_APPLICATION_NS_LENGTH == 0x0)?__bl_FLASH_IMAGE_END:(__bl_FLASH_IMAGE_END - FLASH_APPLICATION_NSC_LENGTH)
                0x00000000                        __bl_RAM_NS_START = ! (DEFINED (FLASH_BOOTLOADER_LENGTH))?0x0:(FLASH_APPLICATION_NS_LENGTH == 0x0)?(RAM_START + RAM_LENGTH):((RAM_START + RAM_LENGTH) - RAM_APPLICATION_NS_LENGTH)
                0x00000000                        __bl_RAM_NSC_START = ! (DEFINED (FLASH_BOOTLOADER_LENGTH))?0x0:(FLASH_APPLICATION_NS_LENGTH == 0x0)?(RAM_START + RAM_LENGTH):(__bl_RAM_NS_START - RAM_APPLICATION_NSC_LENGTH)
                0x00000000                        __bl_FLASH_NS_IMAGE_START = ! (DEFINED (FLASH_BOOTLOADER_LENGTH))?0x0:(FLASH_APPLICATION_NS_LENGTH == 0x0)?__bl_FLASH_IMAGE_END:(__bl_FLASH_NS_START + FLASH_BOOTLOADER_HEADER_LENGTH_2)
                0x00000000                        __bln_FLASH_IMAGE_START = (__bl_FLASH_NS_IMAGE_START | ! (DEFINED (NS_OFFSET_START))?0x0:NS_OFFSET_START)
                0x00000000                        __bln_FLASH_IMAGE_LENGTH = ! (DEFINED (FLASH_BOOTLOADER_LENGTH))?0x0:(FLASH_APPLICATION_NS_LENGTH == 0x0)?__bl_FLASH_IMAGE_END:(FLASH_APPLICATION_NS_LENGTH - FLASH_BOOTLOADER_HEADER_LENGTH_2)
                0x00000000                        XIP_SECONDARY_SLOT_IMAGE = DEFINED (XIP_SECONDARY_SLOT_IMAGE)?XIP_SECONDARY_SLOT_IMAGE:0x0
                0x00000000                        FLASH_ORIGIN = ! (DEFINED (FLASH_IMAGE_START))?FLASH_START:(XIP_SECONDARY_SLOT_IMAGE == 0x1)?XIP_SECONDARY_FLASH_IMAGE_START:FLASH_IMAGE_START
                0x00200000                        LIMITED_FLASH_LENGTH = DEFINED (FLASH_IMAGE_LENGTH)?FLASH_IMAGE_LENGTH:DEFINED (FLASH_BOOTLOADER_LENGTH)?FLASH_BOOTLOADER_LENGTH:FLASH_LENGTH
                0x00000034                        OPTION_SETTING_SAS_SIZE = 0x34
                0x000000cc                        OPTION_SETTING_SAS_LENGTH = ! (DEFINED (OPTION_SETTING_LENGTH))?0x0:(OPTION_SETTING_LENGTH == 0x0)?0x0:(OPTION_SETTING_LENGTH - OPTION_SETTING_SAS_SIZE)
START GROUP
LOAD C:/Renesas/RA/e2studio_v2023-10_fsp_v5.1.0/toolchains/gcc_arm/13.2.rel1/bin/../lib/gcc/arm-none-eabi/13.2.1/thumb/v8-m.main+fp/hard\libgcc.a
LOAD C:/Renesas/RA/e2studio_v2023-10_fsp_v5.1.0/toolchains/gcc_arm/13.2.rel1/bin/../lib/gcc/arm-none-eabi/13.2.1/thumb/v8-m.main+fp/hard\libc.a
LOAD C:/Renesas/RA/e2studio_v2023-10_fsp_v5.1.0/toolchains/gcc_arm/13.2.rel1/bin/../lib/gcc/arm-none-eabi/13.2.1/thumb/v8-m.main+fp/hard\libm.a
END GROUP

.text           0x00000000     0x6ed0
                0x00000000                        __tz_FLASH_S = ABSOLUTE (FLASH_START)
                0x00000000                        __ROM_Start = .
 *(.fixed_vectors*)
 .fixed_vectors
                0x00000000       0x40 ./ra/fsp/src/bsp/cmsis/Device/RENESAS/Source/startup.o
                0x00000000                __Vectors
 *(.application_vectors*)
 .application_vectors
                0x00000040      0x180 ./ra_gen/vector_data.o
                0x00000040                g_vector_table
                0x000001c0                        __Vectors_End = .
                0x000001c0                        . = (OPTION_SETTING_LENGTH > 0x0)?.:(__ROM_Start + 0x400)
 *(.rom_registers*)
                0x000001c0                        . = (OPTION_SETTING_LENGTH > 0x0)?.:(__ROM_Start + 0x500)
                0x00000200                        . = ALIGN (0x80)
 *fill*         0x000001c0       0x40 ff
 *(.mcuboot_sce9_key*)
 *(.text*)
 .text.deregister_tm_clones
                0x00000200       0x1c C:/Renesas/RA/e2studio_v2023-10_fsp_v5.1.0/toolchains/gcc_arm/13.2.rel1/bin/../lib/gcc/arm-none-eabi/13.2.1/thumb/v8-m.main+fp/hard/crtbegin.o
 .text.register_tm_clones
                0x0000021c       0x28 C:/Renesas/RA/e2studio_v2023-10_fsp_v5.1.0/toolchains/gcc_arm/13.2.rel1/bin/../lib/gcc/arm-none-eabi/13.2.1/thumb/v8-m.main+fp/hard/crtbegin.o
 .text.__do_global_dtors_aux
                0x00000244       0x28 C:/Renesas/RA/e2studio_v2023-10_fsp_v5.1.0/toolchains/gcc_arm/13.2.rel1/bin/../lib/gcc/arm-none-eabi/13.2.1/thumb/v8-m.main+fp/hard/crtbegin.o
 .text.frame_dummy
                0x0000026c       0x24 C:/Renesas/RA/e2studio_v2023-10_fsp_v5.1.0/toolchains/gcc_arm/13.2.rel1/bin/../lib/gcc/arm-none-eabi/13.2.1/thumb/v8-m.main+fp/hard/crtbegin.o
 .text._write   0x00000290       0x64 ./src/hal_entry.o
                0x00000290                _write
 *fill*         0x000002f4        0x4 ff
 .text.hal_entry
                0x000002f8      0x664 ./src/hal_entry.o
                0x000002f8                hal_entry
 .text.R_BSP_WarmStart
                0x0000095c       0x18 ./src/hal_entry.o
                0x0000095c                R_BSP_WarmStart
 .text.user_uart_callBack
                0x00000974       0x14 ./src/hal_entry.o
                0x00000974                user_uart_callBack
 .text.hs300x_callback
                0x00000988       0x10 ./src/hal_entry.o
                0x00000988                hs300x_callback
 .text.ob1203_comms_i2c_callback
                0x00000998       0x10 ./src/hal_entry.o
                0x00000998                ob1203_comms_i2c_callback
 .text.lcd_send
                0x000009a8      0x160 ./src/lcd1602.o
                0x000009a8                lcd_send
 .text.lcd_data
                0x00000b08        0x8 ./src/lcd1602.o
                0x00000b08                lcd_data
 .text.lcd_init
                0x00000b10       0x60 ./src/lcd1602.o
                0x00000b10                lcd_init
 .text.lcd_set_cursor
                0x00000b70       0x24 ./src/lcd1602.o
                0x00000b70                lcd_set_cursor
 .text.clearDisplay
                0x00000b94        0x8 ./src/lcd1602.o
                0x00000b94                clearDisplay
 .text.startup.main
                0x00000b9c        0xc ./ra_gen/main.o
                0x00000b9c                main
 .text.rm_ob1203_light_prox_close
                0x00000ba8        0x4 ./ra/fsp/src/rm_ob1203/light_proximity_mode/rm_ob1203_light_proximity_mode.o
 .text.rm_ob1203_light_prox_light_data_calculate
                0x00000bac       0x78 ./ra/fsp/src/rm_ob1203/light_proximity_mode/rm_ob1203_light_proximity_mode.o
 .text.rm_ob1203_light_prox_prox_data_calculate
                0x00000c24        0x8 ./ra/fsp/src/rm_ob1203/light_proximity_mode/rm_ob1203_light_proximity_mode.o
 .text.rm_ob1203_light_prox_ppg_read
                0x00000c2c        0x4 ./ra/fsp/src/rm_ob1203/light_proximity_mode/rm_ob1203_light_proximity_mode.o
 .text.rm_ob1203_light_prox_ppg_data_calculate
                0x00000c30        0x4 ./ra/fsp/src/rm_ob1203/light_proximity_mode/rm_ob1203_light_proximity_mode.o
 .text.rm_ob1203_light_prox_fifo_info_get
                0x00000c34        0x4 ./ra/fsp/src/rm_ob1203/light_proximity_mode/rm_ob1203_light_proximity_mode.o
 .text.rm_ob1203_light_prox_led_current_set
                0x00000c38       0x34 ./ra/fsp/src/rm_ob1203/light_proximity_mode/rm_ob1203_light_proximity_mode.o
 .text.rm_ob1203_light_prox_gain_set
                0x00000c6c       0x34 ./ra/fsp/src/rm_ob1203/light_proximity_mode/rm_ob1203_light_proximity_mode.o
 .text.rm_ob1203_light_prox_device_interrupt_cfg_set
                0x00000ca0       0x60 ./ra/fsp/src/rm_ob1203/light_proximity_mode/rm_ob1203_light_proximity_mode.o
 .text.rm_ob1203_light_prox_prox_read
                0x00000d00       0x30 ./ra/fsp/src/rm_ob1203/light_proximity_mode/rm_ob1203_light_proximity_mode.o
 .text.rm_ob1203_light_prox_light_read
                0x00000d30       0x5c ./ra/fsp/src/rm_ob1203/light_proximity_mode/rm_ob1203_light_proximity_mode.o
 .text.rm_ob1203_light_prox_measurement_stop
                0x00000d8c       0x14 ./ra/fsp/src/rm_ob1203/light_proximity_mode/rm_ob1203_light_proximity_mode.o
 .text.rm_ob1203_light_prox_measurement_start
                0x00000da0       0x1c ./ra/fsp/src/rm_ob1203/light_proximity_mode/rm_ob1203_light_proximity_mode.o
 .text.rm_ob1203_light_prox_open
                0x00000dbc      0x19c ./ra/fsp/src/rm_ob1203/light_proximity_mode/rm_ob1203_light_proximity_mode.o
 .text.rm_ob1203_light_prox_device_status_get
                0x00000f58        0x4 ./ra/fsp/src/rm_ob1203/light_proximity_mode/rm_ob1203_light_proximity_mode.o
 .text.RM_OB1203_MeasurementStart
                0x00000f5c        0x8 ./ra/fsp/src/rm_ob1203/rm_ob1203.o
                0x00000f5c                RM_OB1203_MeasurementStart
 .text.RM_OB1203_LightRead
                0x00000f64        0x8 ./ra/fsp/src/rm_ob1203/rm_ob1203.o
                0x00000f64                RM_OB1203_LightRead
 .text.RM_OB1203_LightDataCalculate
                0x00000f6c        0x8 ./ra/fsp/src/rm_ob1203/rm_ob1203.o
                0x00000f6c                RM_OB1203_LightDataCalculate
 .text.RM_OB1203_ProxRead
                0x00000f74        0x8 ./ra/fsp/src/rm_ob1203/rm_ob1203.o
                0x00000f74                RM_OB1203_ProxRead
 .text.RM_OB1203_ProxDataCalculate
                0x00000f7c        0x8 ./ra/fsp/src/rm_ob1203/rm_ob1203.o
                0x00000f7c                RM_OB1203_ProxDataCalculate
 .text.rm_ob1203_read
                0x00000f84       0x60 ./ra/fsp/src/rm_ob1203/rm_ob1203.o
                0x00000f84                rm_ob1203_read
 .text.RM_OB1203_DeviceStatusGet
                0x00000fe4       0x28 ./ra/fsp/src/rm_ob1203/rm_ob1203.o
                0x00000fe4                RM_OB1203_DeviceStatusGet
 .text.rm_ob1203_write
                0x0000100c       0x54 ./ra/fsp/src/rm_ob1203/rm_ob1203.o
                0x0000100c                rm_ob1203_write
 .text.RM_OB1203_Open
                0x00001060       0xbc ./ra/fsp/src/rm_ob1203/rm_ob1203.o
                0x00001060                RM_OB1203_Open
 .text.rm_ob1203_comms_i2c_callback
                0x0000111c      0x198 ./ra/fsp/src/rm_ob1203/rm_ob1203.o
                0x0000111c                rm_ob1203_comms_i2c_callback
 .text.rm_ob1203_main_ctrl_register_write
                0x000012b4       0x20 ./ra/fsp/src/rm_ob1203/rm_ob1203.o
                0x000012b4                rm_ob1203_main_ctrl_register_write
 .text.rm_ob1203_int_cfg_register_write
                0x000012d4       0x20 ./ra/fsp/src/rm_ob1203/rm_ob1203.o
                0x000012d4                rm_ob1203_int_cfg_register_write
 .text.rm_ob1203_ppg_ps_gain_register_write
                0x000012f4       0x18 ./ra/fsp/src/rm_ob1203/rm_ob1203.o
                0x000012f4                rm_ob1203_ppg_ps_gain_register_write
 .text.rm_ob1203_ppg_ps_cfg_register_write
                0x0000130c       0x14 ./ra/fsp/src/rm_ob1203/rm_ob1203.o
                0x0000130c                rm_ob1203_ppg_ps_cfg_register_write
 .text.rm_ob1203_irq_callback
                0x00001320       0x40 ./ra/fsp/src/rm_ob1203/rm_ob1203_ra_driver.o
                0x00001320                rm_ob1203_irq_callback
 .text.rm_ob1203_delay_ms
                0x00001360       0x10 ./ra/fsp/src/rm_ob1203/rm_ob1203_ra_driver.o
                0x00001360                rm_ob1203_delay_ms
 .text.rm_ob1203_irq_open
                0x00001370       0x34 ./ra/fsp/src/rm_ob1203/rm_ob1203_ra_driver.o
                0x00001370                rm_ob1203_irq_open
 .text.RM_HS300X_Open
                0x000013a4       0x30 ./ra/fsp/src/rm_hs300x/rm_hs300x.o
                0x000013a4                RM_HS300X_Open
 .text.RM_HS300X_MeasurementStart
                0x000013d4       0x18 ./ra/fsp/src/rm_hs300x/rm_hs300x.o
                0x000013d4                RM_HS300X_MeasurementStart
 .text.RM_HS300X_Read
                0x000013ec       0x14 ./ra/fsp/src/rm_hs300x/rm_hs300x.o
                0x000013ec                RM_HS300X_Read
 .text.RM_HS300X_DataCalculate
                0x00001400       0x9c ./ra/fsp/src/rm_hs300x/rm_hs300x.o
                0x00001400                RM_HS300X_DataCalculate
 .text.rm_hs300x_callback
                0x0000149c       0x38 ./ra/fsp/src/rm_hs300x/rm_hs300x.o
                0x0000149c                rm_hs300x_callback
 .text.RM_COMMS_I2C_Open
                0x000014d4       0x28 ./ra/fsp/src/rm_comms_i2c/rm_comms_i2c.o
                0x000014d4                RM_COMMS_I2C_Open
 .text.RM_COMMS_I2C_Close
                0x000014fc       0x10 ./ra/fsp/src/rm_comms_i2c/rm_comms_i2c.o
                0x000014fc                RM_COMMS_I2C_Close
 .text.RM_COMMS_I2C_Read
                0x0000150c        0x4 ./ra/fsp/src/rm_comms_i2c/rm_comms_i2c.o
                0x0000150c                RM_COMMS_I2C_Read
 .text.RM_COMMS_I2C_Write
                0x00001510        0x4 ./ra/fsp/src/rm_comms_i2c/rm_comms_i2c.o
                0x00001510                RM_COMMS_I2C_Write
 .text.RM_COMMS_I2C_WriteRead
                0x00001514       0x14 ./ra/fsp/src/rm_comms_i2c/rm_comms_i2c.o
                0x00001514                RM_COMMS_I2C_WriteRead
 .text.rm_comms_i2c_callback
                0x00001528       0x5c ./ra/fsp/src/rm_comms_i2c/rm_comms_i2c_driver_ra.o
                0x00001528                rm_comms_i2c_callback
 .text.rm_comms_i2c_bus_reconfigure
                0x00001584       0x40 ./ra/fsp/src/rm_comms_i2c/rm_comms_i2c_driver_ra.o
 .text.rm_comms_i2c_bus_read
                0x000015c4       0x30 ./ra/fsp/src/rm_comms_i2c/rm_comms_i2c_driver_ra.o
                0x000015c4                rm_comms_i2c_bus_read
 .text.rm_comms_i2c_bus_write
                0x000015f4       0x30 ./ra/fsp/src/rm_comms_i2c/rm_comms_i2c_driver_ra.o
                0x000015f4                rm_comms_i2c_bus_write
 .text.rm_comms_i2c_bus_write_read
                0x00001624       0x3c ./ra/fsp/src/rm_comms_i2c/rm_comms_i2c_driver_ra.o
                0x00001624                rm_comms_i2c_bus_write_read
 .text.R_SCI_UART_Write
                0x00001660       0x48 ./ra/fsp/src/r_sci_uart/r_sci_uart.o
                0x00001660                R_SCI_UART_Write
 .text.r_sci_uart_call_callback
                0x000016a8       0x44 ./ra/fsp/src/r_sci_uart/r_sci_uart.o
 .text.R_SCI_UART_Open
                0x000016ec      0x36c ./ra/fsp/src/r_sci_uart/r_sci_uart.o
                0x000016ec                R_SCI_UART_Open
 .text.sci_uart_txi_isr
                0x00001a58       0x9c ./ra/fsp/src/r_sci_uart/r_sci_uart.o
                0x00001a58                sci_uart_txi_isr
 .text.sci_uart_rxi_isr
                0x00001af4       0x90 ./ra/fsp/src/r_sci_uart/r_sci_uart.o
                0x00001af4                sci_uart_rxi_isr
 .text.sci_uart_tei_isr
                0x00001b84       0x48 ./ra/fsp/src/r_sci_uart/r_sci_uart.o
                0x00001b84                sci_uart_tei_isr
 .text.sci_uart_eri_isr
                0x00001bcc       0x78 ./ra/fsp/src/r_sci_uart/r_sci_uart.o
                0x00001bcc                sci_uart_eri_isr
 .text.bsp_vbatt_init
                0x00001c44       0x9c ./ra/fsp/src/r_ioport/r_ioport.o
 .text.r_ioport_pins_config
                0x00001ce0       0xac ./ra/fsp/src/r_ioport/r_ioport.o
 .text.R_IOPORT_Open
                0x00001d8c       0x14 ./ra/fsp/src/r_ioport/r_ioport.o
                0x00001d8c                R_IOPORT_Open
 .text.R_IIC_MASTER_SlaveAddressSet
                0x00001da0        0xc ./ra/fsp/src/r_iic_master/r_iic_master.o
                0x00001da0                R_IIC_MASTER_SlaveAddressSet
 .text.R_IIC_MASTER_CallbackSet
                0x00001dac       0x10 ./ra/fsp/src/r_iic_master/r_iic_master.o
                0x00001dac                R_IIC_MASTER_CallbackSet
 .text.R_IIC_MASTER_StatusGet
                0x00001dbc       0x18 ./ra/fsp/src/r_iic_master/r_iic_master.o
                0x00001dbc                R_IIC_MASTER_StatusGet
 .text.iic_master_notify
                0x00001dd4       0x3c ./ra/fsp/src/r_iic_master/r_iic_master.o
 .text.iic_master_run_hw_master
                0x00001e10       0xd4 ./ra/fsp/src/r_iic_master/r_iic_master.o
 .text.R_IIC_MASTER_Write
                0x00001ee4       0x30 ./ra/fsp/src/r_iic_master/r_iic_master.o
                0x00001ee4                R_IIC_MASTER_Write
 .text.R_IIC_MASTER_Read
                0x00001f14       0x34 ./ra/fsp/src/r_iic_master/r_iic_master.o
                0x00001f14                R_IIC_MASTER_Read
 .text.iic_master_open_hw_master
                0x00001f48      0x1b0 ./ra/fsp/src/r_iic_master/r_iic_master.o
 .text.R_IIC_MASTER_Open
                0x000020f8       0x74 ./ra/fsp/src/r_iic_master/r_iic_master.o
                0x000020f8                R_IIC_MASTER_Open
 .text.R_IIC_MASTER_Abort
                0x0000216c       0x30 ./ra/fsp/src/r_iic_master/r_iic_master.o
                0x0000216c                R_IIC_MASTER_Abort
 .text.R_IIC_MASTER_Close
                0x0000219c       0xd8 ./ra/fsp/src/r_iic_master/r_iic_master.o
                0x0000219c                R_IIC_MASTER_Close
 .text.iic_master_rxi_isr
                0x00002274      0x140 ./ra/fsp/src/r_iic_master/r_iic_master.o
                0x00002274                iic_master_rxi_isr
 .text.iic_master_txi_isr
                0x000023b4       0xf4 ./ra/fsp/src/r_iic_master/r_iic_master.o
                0x000023b4                iic_master_txi_isr
 .text.iic_master_tei_isr
                0x000024a8       0xc8 ./ra/fsp/src/r_iic_master/r_iic_master.o
                0x000024a8                iic_master_tei_isr
 .text.iic_master_eri_isr
                0x00002570      0x110 ./ra/fsp/src/r_iic_master/r_iic_master.o
                0x00002570                iic_master_eri_isr
 .text.R_ADC_ScanStart
                0x00002680        0xc ./ra/fsp/src/r_adc/r_adc.o
                0x00002680                R_ADC_ScanStart
 .text.R_ADC_StatusGet
                0x0000268c       0x10 ./ra/fsp/src/r_adc/r_adc.o
                0x0000268c                R_ADC_StatusGet
 .text.R_ADC_Read
                0x0000269c       0x10 ./ra/fsp/src/r_adc/r_adc.o
                0x0000269c                R_ADC_Read
 .text.R_ADC_ScanCfg
                0x000026ac      0x1d8 ./ra/fsp/src/r_adc/r_adc.o
                0x000026ac                R_ADC_ScanCfg
 .text.r_adc_irq_enable.part.0
                0x00002884       0x5c ./ra/fsp/src/r_adc/r_adc.o
 .text.R_ADC_Open
                0x000028e0      0x11c ./ra/fsp/src/r_adc/r_adc.o
                0x000028e0                R_ADC_Open
 .text.SystemCoreClockUpdate
                0x000029fc       0x28 ./ra/fsp/src/bsp/mcu/all/bsp_clocks.o
                0x000029fc                SystemCoreClockUpdate
 .text.bsp_clock_init
                0x00002a24       0xd4 ./ra/fsp/src/bsp/mcu/all/bsp_clocks.o
                0x00002a24                bsp_clock_init
 .text.R_BSP_Init_RTC
                0x00002af8       0x28 ./ra/fsp/src/bsp/mcu/all/bsp_clocks.o
                0x00002af8                R_BSP_Init_RTC
 .text.__assert_func
                0x00002b20        0x4 ./ra/fsp/src/bsp/mcu/all/bsp_common.o
                0x00002b20                __assert_func
 .text.bsp_prv_software_delay_loop
                0x00002b24        0xc ./ra/fsp/src/bsp/mcu/all/bsp_delay.o
                0x00002b24                bsp_prv_software_delay_loop
 .text.R_BSP_SoftwareDelay
                0x00002b30       0x58 ./ra/fsp/src/bsp/mcu/all/bsp_delay.o
                0x00002b30                R_BSP_SoftwareDelay
 .text.NMI_Handler
                0x00002b88       0x3c ./ra/fsp/src/bsp/mcu/all/bsp_group_irq.o
                0x00002b88                NMI_Handler
 .text.bsp_irq_cfg
                0x00002bc4       0xa4 ./ra/fsp/src/bsp/mcu/all/bsp_irq.o
                0x00002bc4                bsp_irq_cfg
 .text.R_BSP_RegisterProtectEnable
                0x00002c68       0x60 ./ra/fsp/src/bsp/mcu/all/bsp_register_protection.o
                0x00002c68                R_BSP_RegisterProtectEnable
 .text.R_BSP_RegisterProtectDisable
                0x00002cc8       0x54 ./ra/fsp/src/bsp/mcu/all/bsp_register_protection.o
                0x00002cc8                R_BSP_RegisterProtectDisable
 .text._sbrk    0x00002d1c       0x40 ./ra/fsp/src/bsp/mcu/all/bsp_sbrk.o
                0x00002d1c                _sbrk
 .text.Default_Handler
                0x00002d5c        0x4 ./ra/fsp/src/bsp/cmsis/Device/RENESAS/Source/startup.o
                0x00002d5c                DebugMon_Handler
                0x00002d5c                HardFault_Handler
                0x00002d5c                SysTick_Handler
                0x00002d5c                PendSV_Handler
                0x00002d5c                UsageFault_Handler
                0x00002d5c                SecureFault_Handler
                0x00002d5c                Default_Handler
                0x00002d5c                MemManage_Handler
                0x00002d5c                SVC_Handler
                0x00002d5c                BusFault_Handler
 .text.Reset_Handler
                0x00002d60        0xc ./ra/fsp/src/bsp/cmsis/Device/RENESAS/Source/startup.o
                0x00002d60                Reset_Handler
 .text.SystemInit
                0x00002d6c       0xc4 ./ra/fsp/src/bsp/cmsis/Device/RENESAS/Source/system.o
                0x00002d6c                SystemInit
 .text.bsp_init
                0x00002e30        0x4 ./ra/board/ra6m5_ck/board_init.o
                0x00002e30                bsp_init
 .text          0x00002e34      0x378 C:/Renesas/RA/e2studio_v2023-10_fsp_v5.1.0/toolchains/gcc_arm/13.2.rel1/bin/../lib/gcc/arm-none-eabi/13.2.1/thumb/v8-m.main+fp/hard\libgcc.a(_arm_addsubdf3.o)
                0x00002e34                __aeabi_drsub
                0x00002e3c                __aeabi_dsub
                0x00002e3c                __subdf3
                0x00002e40                __aeabi_dadd
                0x00002e40                __adddf3
                0x000030b8                __floatunsidf
                0x000030b8                __aeabi_ui2d
                0x000030d8                __floatsidf
                0x000030d8                __aeabi_i2d
                0x000030fc                __aeabi_f2d
                0x000030fc                __extendsfdf2
                0x00003140                __floatundidf
                0x00003140                __aeabi_ul2d
                0x00003150                __floatdidf
                0x00003150                __aeabi_l2d
 .text          0x000031ac      0x424 C:/Renesas/RA/e2studio_v2023-10_fsp_v5.1.0/toolchains/gcc_arm/13.2.rel1/bin/../lib/gcc/arm-none-eabi/13.2.1/thumb/v8-m.main+fp/hard\libgcc.a(_arm_muldivdf3.o)
                0x000031ac                __aeabi_dmul
                0x000031ac                __muldf3
                0x00003400                __divdf3
                0x00003400                __aeabi_ddiv
 .text          0x000035d0      0x110 C:/Renesas/RA/e2studio_v2023-10_fsp_v5.1.0/toolchains/gcc_arm/13.2.rel1/bin/../lib/gcc/arm-none-eabi/13.2.1/thumb/v8-m.main+fp/hard\libgcc.a(_arm_cmpdf2.o)
                0x000035d0                __gtdf2
                0x000035d0                __gedf2
                0x000035d8                __ltdf2
                0x000035d8                __ledf2
                0x000035e0                __nedf2
                0x000035e0                __eqdf2
                0x000035e0                __cmpdf2
                0x0000365c                __aeabi_cdrcmple
                0x0000366c                __aeabi_cdcmpeq
                0x0000366c                __aeabi_cdcmple
                0x0000367c                __aeabi_dcmpeq
                0x00003690                __aeabi_dcmplt
                0x000036a4                __aeabi_dcmple
                0x000036b8                __aeabi_dcmpge
                0x000036cc                __aeabi_dcmpgt
 .text.__cvt    0x000036e0       0xca C:/Renesas/RA/e2studio_v2023-10_fsp_v5.1.0/toolchains/gcc_arm/13.2.rel1/bin/../lib/gcc/arm-none-eabi/13.2.1/thumb/v8-m.main+fp/hard\libg_nano.a(libc_a-nano-vfprintf_float.o)
                0x000036e0                __cvt
 .text.__exponent
                0x000037aa       0x72 C:/Renesas/RA/e2studio_v2023-10_fsp_v5.1.0/toolchains/gcc_arm/13.2.rel1/bin/../lib/gcc/arm-none-eabi/13.2.1/thumb/v8-m.main+fp/hard\libg_nano.a(libc_a-nano-vfprintf_float.o)
                0x000037aa                __exponent
 .text._printf_float
                0x0000381c      0x454 C:/Renesas/RA/e2studio_v2023-10_fsp_v5.1.0/toolchains/gcc_arm/13.2.rel1/bin/../lib/gcc/arm-none-eabi/13.2.1/thumb/v8-m.main+fp/hard\libg_nano.a(libc_a-nano-vfprintf_float.o)
                0x0000381c                _printf_float
 .text._printf_common
                0x00003c70       0xe4 C:/Renesas/RA/e2studio_v2023-10_fsp_v5.1.0/toolchains/gcc_arm/13.2.rel1/bin/../lib/gcc/arm-none-eabi/13.2.1/thumb/v8-m.main+fp/hard\libg_nano.a(libc_a-nano-vfprintf_i.o)
                0x00003c70                _printf_common
 .text._printf_i
                0x00003d54      0x23c C:/Renesas/RA/e2studio_v2023-10_fsp_v5.1.0/toolchains/gcc_arm/13.2.rel1/bin/../lib/gcc/arm-none-eabi/13.2.1/thumb/v8-m.main+fp/hard\libg_nano.a(libc_a-nano-vfprintf_i.o)
                0x00003d54                _printf_i
 .text.std      0x00003f90       0x6c C:/Renesas/RA/e2studio_v2023-10_fsp_v5.1.0/toolchains/gcc_arm/13.2.rel1/bin/../lib/gcc/arm-none-eabi/13.2.1/thumb/v8-m.main+fp/hard\libg_nano.a(libc_a-findfp.o)
 .text.stdio_exit_handler
                0x00003ffc       0x18 C:/Renesas/RA/e2studio_v2023-10_fsp_v5.1.0/toolchains/gcc_arm/13.2.rel1/bin/../lib/gcc/arm-none-eabi/13.2.1/thumb/v8-m.main+fp/hard\libg_nano.a(libc_a-findfp.o)
 .text.cleanup_stdio
                0x00004014       0x40 C:/Renesas/RA/e2studio_v2023-10_fsp_v5.1.0/toolchains/gcc_arm/13.2.rel1/bin/../lib/gcc/arm-none-eabi/13.2.1/thumb/v8-m.main+fp/hard\libg_nano.a(libc_a-findfp.o)
 .text.global_stdio_init.part.0
                0x00004054       0x3c C:/Renesas/RA/e2studio_v2023-10_fsp_v5.1.0/toolchains/gcc_arm/13.2.rel1/bin/../lib/gcc/arm-none-eabi/13.2.1/thumb/v8-m.main+fp/hard\libg_nano.a(libc_a-findfp.o)
 .text.__sfp_lock_acquire
                0x00004090        0xc C:/Renesas/RA/e2studio_v2023-10_fsp_v5.1.0/toolchains/gcc_arm/13.2.rel1/bin/../lib/gcc/arm-none-eabi/13.2.1/thumb/v8-m.main+fp/hard\libg_nano.a(libc_a-findfp.o)
                0x00004090                __sfp_lock_acquire
 .text.__sfp_lock_release
                0x0000409c        0xc C:/Renesas/RA/e2studio_v2023-10_fsp_v5.1.0/toolchains/gcc_arm/13.2.rel1/bin/../lib/gcc/arm-none-eabi/13.2.1/thumb/v8-m.main+fp/hard\libg_nano.a(libc_a-findfp.o)
                0x0000409c                __sfp_lock_release
 .text.__sinit  0x000040a8       0x30 C:/Renesas/RA/e2studio_v2023-10_fsp_v5.1.0/toolchains/gcc_arm/13.2.rel1/bin/../lib/gcc/arm-none-eabi/13.2.1/thumb/v8-m.main+fp/hard\libg_nano.a(libc_a-findfp.o)
                0x000040a8                __sinit
 .text._fwalk_sglue
                0x000040d8       0x3c C:/Renesas/RA/e2studio_v2023-10_fsp_v5.1.0/toolchains/gcc_arm/13.2.rel1/bin/../lib/gcc/arm-none-eabi/13.2.1/thumb/v8-m.main+fp/hard\libg_nano.a(libc_a-fwalk.o)
                0x000040d8                _fwalk_sglue
 .text.printf   0x00004114       0x24 C:/Renesas/RA/e2studio_v2023-10_fsp_v5.1.0/toolchains/gcc_arm/13.2.rel1/bin/../lib/gcc/arm-none-eabi/13.2.1/thumb/v8-m.main+fp/hard\libg_nano.a(libc_a-printf.o)
                0x00004114                iprintf
                0x00004114                printf
 .text.setvbuf  0x00004138      0x168 C:/Renesas/RA/e2studio_v2023-10_fsp_v5.1.0/toolchains/gcc_arm/13.2.rel1/bin/../lib/gcc/arm-none-eabi/13.2.1/thumb/v8-m.main+fp/hard\libg_nano.a(libc_a-setvbuf.o)
                0x00004138                setvbuf
 .text.sprintf  0x000042a0       0x40 C:/Renesas/RA/e2studio_v2023-10_fsp_v5.1.0/toolchains/gcc_arm/13.2.rel1/bin/../lib/gcc/arm-none-eabi/13.2.1/thumb/v8-m.main+fp/hard\libg_nano.a(libc_a-sprintf.o)
                0x000042a0                siprintf
                0x000042a0                sprintf
 .text.__sread  0x000042e0       0x22 C:/Renesas/RA/e2studio_v2023-10_fsp_v5.1.0/toolchains/gcc_arm/13.2.rel1/bin/../lib/gcc/arm-none-eabi/13.2.1/thumb/v8-m.main+fp/hard\libg_nano.a(libc_a-stdio.o)
                0x000042e0                __sread
 .text.__swrite
                0x00004302       0x38 C:/Renesas/RA/e2studio_v2023-10_fsp_v5.1.0/toolchains/gcc_arm/13.2.rel1/bin/../lib/gcc/arm-none-eabi/13.2.1/thumb/v8-m.main+fp/hard\libg_nano.a(libc_a-stdio.o)
                0x00004302                __swrite
 .text.__sseek  0x0000433a       0x24 C:/Renesas/RA/e2studio_v2023-10_fsp_v5.1.0/toolchains/gcc_arm/13.2.rel1/bin/../lib/gcc/arm-none-eabi/13.2.1/thumb/v8-m.main+fp/hard\libg_nano.a(libc_a-stdio.o)
                0x0000433a                __sseek
 .text.__sclose
                0x0000435e        0x8 C:/Renesas/RA/e2studio_v2023-10_fsp_v5.1.0/toolchains/gcc_arm/13.2.rel1/bin/../lib/gcc/arm-none-eabi/13.2.1/thumb/v8-m.main+fp/hard\libg_nano.a(libc_a-stdio.o)
                0x0000435e                __sclose
 .text.memset   0x00004366       0x10 C:/Renesas/RA/e2studio_v2023-10_fsp_v5.1.0/toolchains/gcc_arm/13.2.rel1/bin/../lib/gcc/arm-none-eabi/13.2.1/thumb/v8-m.main+fp/hard\libg_nano.a(libc_a-memset.o)
                0x00004366                memset
 *fill*         0x00004376        0x2 ff
 .text._localeconv_r
                0x00004378        0x8 C:/Renesas/RA/e2studio_v2023-10_fsp_v5.1.0/toolchains/gcc_arm/13.2.rel1/bin/../lib/gcc/arm-none-eabi/13.2.1/thumb/v8-m.main+fp/hard\libg_nano.a(libc_a-localeconv.o)
                0x00004378                _localeconv_r
 .text._close_r
                0x00004380       0x20 C:/Renesas/RA/e2studio_v2023-10_fsp_v5.1.0/toolchains/gcc_arm/13.2.rel1/bin/../lib/gcc/arm-none-eabi/13.2.1/thumb/v8-m.main+fp/hard\libg_nano.a(libc_a-closer.o)
                0x00004380                _close_r
 .text._lseek_r
                0x000043a0       0x24 C:/Renesas/RA/e2studio_v2023-10_fsp_v5.1.0/toolchains/gcc_arm/13.2.rel1/bin/../lib/gcc/arm-none-eabi/13.2.1/thumb/v8-m.main+fp/hard\libg_nano.a(libc_a-lseekr.o)
                0x000043a0                _lseek_r
 .text._read_r  0x000043c4       0x24 C:/Renesas/RA/e2studio_v2023-10_fsp_v5.1.0/toolchains/gcc_arm/13.2.rel1/bin/../lib/gcc/arm-none-eabi/13.2.1/thumb/v8-m.main+fp/hard\libg_nano.a(libc_a-readr.o)
                0x000043c4                _read_r
 .text._write_r
                0x000043e8       0x24 C:/Renesas/RA/e2studio_v2023-10_fsp_v5.1.0/toolchains/gcc_arm/13.2.rel1/bin/../lib/gcc/arm-none-eabi/13.2.1/thumb/v8-m.main+fp/hard\libg_nano.a(libc_a-writer.o)
                0x000043e8                _write_r
 .text.__errno  0x0000440c        0xc C:/Renesas/RA/e2studio_v2023-10_fsp_v5.1.0/toolchains/gcc_arm/13.2.rel1/bin/../lib/gcc/arm-none-eabi/13.2.1/thumb/v8-m.main+fp/hard\libg_nano.a(libc_a-errno.o)
                0x0000440c                __errno
 .text.__retarget_lock_init_recursive
                0x00004418        0x2 C:/Renesas/RA/e2studio_v2023-10_fsp_v5.1.0/toolchains/gcc_arm/13.2.rel1/bin/../lib/gcc/arm-none-eabi/13.2.1/thumb/v8-m.main+fp/hard\libg_nano.a(libc_a-lock.o)
                0x00004418                __retarget_lock_init_recursive
 .text.__retarget_lock_acquire_recursive
                0x0000441a        0x2 C:/Renesas/RA/e2studio_v2023-10_fsp_v5.1.0/toolchains/gcc_arm/13.2.rel1/bin/../lib/gcc/arm-none-eabi/13.2.1/thumb/v8-m.main+fp/hard\libg_nano.a(libc_a-lock.o)
                0x0000441a                __retarget_lock_acquire_recursive
 .text.__retarget_lock_release_recursive
                0x0000441c        0x2 C:/Renesas/RA/e2studio_v2023-10_fsp_v5.1.0/toolchains/gcc_arm/13.2.rel1/bin/../lib/gcc/arm-none-eabi/13.2.1/thumb/v8-m.main+fp/hard\libg_nano.a(libc_a-lock.o)
                0x0000441c                __retarget_lock_release_recursive
 .text.memchr   0x0000441e       0x1c C:/Renesas/RA/e2studio_v2023-10_fsp_v5.1.0/toolchains/gcc_arm/13.2.rel1/bin/../lib/gcc/arm-none-eabi/13.2.1/thumb/v8-m.main+fp/hard\libg_nano.a(libc_a-memchr-stub.o)
                0x0000441e                memchr
 .text.memcpy   0x0000443a       0x1a C:/Renesas/RA/e2studio_v2023-10_fsp_v5.1.0/toolchains/gcc_arm/13.2.rel1/bin/../lib/gcc/arm-none-eabi/13.2.1/thumb/v8-m.main+fp/hard\libg_nano.a(libc_a-memcpy-stub.o)
                0x0000443a                memcpy
 .text          0x00004454       0x10 C:/Renesas/RA/e2studio_v2023-10_fsp_v5.1.0/toolchains/gcc_arm/13.2.rel1/bin/../lib/gcc/arm-none-eabi/13.2.1/thumb/v8-m.main+fp/hard\libg_nano.a(libc_a-strlen.o)
                0x00004454                strlen
 .text.quorem   0x00004464      0x11a C:/Renesas/RA/e2studio_v2023-10_fsp_v5.1.0/toolchains/gcc_arm/13.2.rel1/bin/../lib/gcc/arm-none-eabi/13.2.1/thumb/v8-m.main+fp/hard\libg_nano.a(libc_a-dtoa.o)
 *fill*         0x0000457e        0x2 ff
 .text._dtoa_r  0x00004580      0xb7c C:/Renesas/RA/e2studio_v2023-10_fsp_v5.1.0/toolchains/gcc_arm/13.2.rel1/bin/../lib/gcc/arm-none-eabi/13.2.1/thumb/v8-m.main+fp/hard\libg_nano.a(libc_a-dtoa.o)
                0x00004580                _dtoa_r
 .text._free_r  0x000050fc       0x94 C:/Renesas/RA/e2studio_v2023-10_fsp_v5.1.0/toolchains/gcc_arm/13.2.rel1/bin/../lib/gcc/arm-none-eabi/13.2.1/thumb/v8-m.main+fp/hard\libg_nano.a(libc_a-freer.o)
                0x000050fc                _free_r
 .text.malloc   0x00005190       0x10 C:/Renesas/RA/e2studio_v2023-10_fsp_v5.1.0/toolchains/gcc_arm/13.2.rel1/bin/../lib/gcc/arm-none-eabi/13.2.1/thumb/v8-m.main+fp/hard\libg_nano.a(libc_a-malloc.o)
                0x00005190                malloc
 .text.sbrk_aligned
                0x000051a0       0x44 C:/Renesas/RA/e2studio_v2023-10_fsp_v5.1.0/toolchains/gcc_arm/13.2.rel1/bin/../lib/gcc/arm-none-eabi/13.2.1/thumb/v8-m.main+fp/hard\libg_nano.a(libc_a-mallocr.o)
 .text._malloc_r
                0x000051e4      0x100 C:/Renesas/RA/e2studio_v2023-10_fsp_v5.1.0/toolchains/gcc_arm/13.2.rel1/bin/../lib/gcc/arm-none-eabi/13.2.1/thumb/v8-m.main+fp/hard\libg_nano.a(libc_a-mallocr.o)
                0x000051e4                _malloc_r
 .text.__malloc_lock
                0x000052e4        0xc C:/Renesas/RA/e2studio_v2023-10_fsp_v5.1.0/toolchains/gcc_arm/13.2.rel1/bin/../lib/gcc/arm-none-eabi/13.2.1/thumb/v8-m.main+fp/hard\libg_nano.a(libc_a-mlock.o)
                0x000052e4                __malloc_lock
 .text.__malloc_unlock
                0x000052f0        0xc C:/Renesas/RA/e2studio_v2023-10_fsp_v5.1.0/toolchains/gcc_arm/13.2.rel1/bin/../lib/gcc/arm-none-eabi/13.2.1/thumb/v8-m.main+fp/hard\libg_nano.a(libc_a-mlock.o)
                0x000052f0                __malloc_unlock
 .text._Balloc  0x000052fc       0x80 C:/Renesas/RA/e2studio_v2023-10_fsp_v5.1.0/toolchains/gcc_arm/13.2.rel1/bin/../lib/gcc/arm-none-eabi/13.2.1/thumb/v8-m.main+fp/hard\libg_nano.a(libc_a-mprec.o)
                0x000052fc                _Balloc
 .text._Bfree   0x0000537c       0x44 C:/Renesas/RA/e2studio_v2023-10_fsp_v5.1.0/toolchains/gcc_arm/13.2.rel1/bin/../lib/gcc/arm-none-eabi/13.2.1/thumb/v8-m.main+fp/hard\libg_nano.a(libc_a-mprec.o)
                0x0000537c                _Bfree
 .text.__multadd
                0x000053c0       0x90 C:/Renesas/RA/e2studio_v2023-10_fsp_v5.1.0/toolchains/gcc_arm/13.2.rel1/bin/../lib/gcc/arm-none-eabi/13.2.1/thumb/v8-m.main+fp/hard\libg_nano.a(libc_a-mprec.o)
                0x000053c0                __multadd
 .text.__hi0bits
                0x00005450       0x3e C:/Renesas/RA/e2studio_v2023-10_fsp_v5.1.0/toolchains/gcc_arm/13.2.rel1/bin/../lib/gcc/arm-none-eabi/13.2.1/thumb/v8-m.main+fp/hard\libg_nano.a(libc_a-mprec.o)
                0x00005450                __hi0bits
 .text.__lo0bits
                0x0000548e       0x5a C:/Renesas/RA/e2studio_v2023-10_fsp_v5.1.0/toolchains/gcc_arm/13.2.rel1/bin/../lib/gcc/arm-none-eabi/13.2.1/thumb/v8-m.main+fp/hard\libg_nano.a(libc_a-mprec.o)
                0x0000548e                __lo0bits
 .text.__i2b    0x000054e8       0x2c C:/Renesas/RA/e2studio_v2023-10_fsp_v5.1.0/toolchains/gcc_arm/13.2.rel1/bin/../lib/gcc/arm-none-eabi/13.2.1/thumb/v8-m.main+fp/hard\libg_nano.a(libc_a-mprec.o)
                0x000054e8                __i2b
 .text.__multiply
                0x00005514      0x148 C:/Renesas/RA/e2studio_v2023-10_fsp_v5.1.0/toolchains/gcc_arm/13.2.rel1/bin/../lib/gcc/arm-none-eabi/13.2.1/thumb/v8-m.main+fp/hard\libg_nano.a(libc_a-mprec.o)
                0x00005514                __multiply
 .text.__pow5mult
                0x0000565c       0xb4 C:/Renesas/RA/e2studio_v2023-10_fsp_v5.1.0/toolchains/gcc_arm/13.2.rel1/bin/../lib/gcc/arm-none-eabi/13.2.1/thumb/v8-m.main+fp/hard\libg_nano.a(libc_a-mprec.o)
                0x0000565c                __pow5mult
 .text.__lshift
                0x00005710       0xd8 C:/Renesas/RA/e2studio_v2023-10_fsp_v5.1.0/toolchains/gcc_arm/13.2.rel1/bin/../lib/gcc/arm-none-eabi/13.2.1/thumb/v8-m.main+fp/hard\libg_nano.a(libc_a-mprec.o)
                0x00005710                __lshift
 .text.__mcmp   0x000057e8       0x36 C:/Renesas/RA/e2studio_v2023-10_fsp_v5.1.0/toolchains/gcc_arm/13.2.rel1/bin/../lib/gcc/arm-none-eabi/13.2.1/thumb/v8-m.main+fp/hard\libg_nano.a(libc_a-mprec.o)
                0x000057e8                __mcmp
 *fill*         0x0000581e        0x2 ff
 .text.__mdiff  0x00005820      0x130 C:/Renesas/RA/e2studio_v2023-10_fsp_v5.1.0/toolchains/gcc_arm/13.2.rel1/bin/../lib/gcc/arm-none-eabi/13.2.1/thumb/v8-m.main+fp/hard\libg_nano.a(libc_a-mprec.o)
                0x00005820                __mdiff
 .text.__d2b    0x00005950       0xb0 C:/Renesas/RA/e2studio_v2023-10_fsp_v5.1.0/toolchains/gcc_arm/13.2.rel1/bin/../lib/gcc/arm-none-eabi/13.2.1/thumb/v8-m.main+fp/hard\libg_nano.a(libc_a-mprec.o)
                0x00005950                __d2b
 .text.__ssputs_r
                0x00005a00       0xb6 C:/Renesas/RA/e2studio_v2023-10_fsp_v5.1.0/toolchains/gcc_arm/13.2.rel1/bin/../lib/gcc/arm-none-eabi/13.2.1/thumb/v8-m.main+fp/hard\libg_nano.a(libc_a-nano-svfprintf.o)
                0x00005a00                __ssputs_r
 *fill*         0x00005ab6        0x2 ff
 .text._svfprintf_r
                0x00005ab8      0x1f8 C:/Renesas/RA/e2studio_v2023-10_fsp_v5.1.0/toolchains/gcc_arm/13.2.rel1/bin/../lib/gcc/arm-none-eabi/13.2.1/thumb/v8-m.main+fp/hard\libg_nano.a(libc_a-nano-svfprintf.o)
                0x00005ab8                _svfiprintf_r
                0x00005ab8                _svfprintf_r
 .text.__sfputc_r
                0x00005cb0       0x2e C:/Renesas/RA/e2studio_v2023-10_fsp_v5.1.0/toolchains/gcc_arm/13.2.rel1/bin/../lib/gcc/arm-none-eabi/13.2.1/thumb/v8-m.main+fp/hard\libg_nano.a(libc_a-nano-vfprintf.o)
 .text.__sfputs_r
                0x00005cde       0x24 C:/Renesas/RA/e2studio_v2023-10_fsp_v5.1.0/toolchains/gcc_arm/13.2.rel1/bin/../lib/gcc/arm-none-eabi/13.2.1/thumb/v8-m.main+fp/hard\libg_nano.a(libc_a-nano-vfprintf.o)
                0x00005cde                __sfputs_r
 *fill*         0x00005d02        0x2 ff
 .text._vfprintf_r
                0x00005d04      0x230 C:/Renesas/RA/e2studio_v2023-10_fsp_v5.1.0/toolchains/gcc_arm/13.2.rel1/bin/../lib/gcc/arm-none-eabi/13.2.1/thumb/v8-m.main+fp/hard\libg_nano.a(libc_a-nano-vfprintf.o)
                0x00005d04                _vfprintf_r
                0x00005d04                _vfiprintf_r
 .text.__sflush_r
                0x00005f34      0x108 C:/Renesas/RA/e2studio_v2023-10_fsp_v5.1.0/toolchains/gcc_arm/13.2.rel1/bin/../lib/gcc/arm-none-eabi/13.2.1/thumb/v8-m.main+fp/hard\libg_nano.a(libc_a-fflush.o)
                0x00005f34                __sflush_r
 .text._fflush_r
                0x0000603c       0x50 C:/Renesas/RA/e2studio_v2023-10_fsp_v5.1.0/toolchains/gcc_arm/13.2.rel1/bin/../lib/gcc/arm-none-eabi/13.2.1/thumb/v8-m.main+fp/hard\libg_nano.a(libc_a-fflush.o)
                0x0000603c                _fflush_r
 .text.__swhatbuf_r
                0x0000608c       0x4a C:/Renesas/RA/e2studio_v2023-10_fsp_v5.1.0/toolchains/gcc_arm/13.2.rel1/bin/../lib/gcc/arm-none-eabi/13.2.1/thumb/v8-m.main+fp/hard\libg_nano.a(libc_a-makebuf.o)
                0x0000608c                __swhatbuf_r
 .text.__smakebuf_r
                0x000060d6       0x78 C:/Renesas/RA/e2studio_v2023-10_fsp_v5.1.0/toolchains/gcc_arm/13.2.rel1/bin/../lib/gcc/arm-none-eabi/13.2.1/thumb/v8-m.main+fp/hard\libg_nano.a(libc_a-makebuf.o)
                0x000060d6                __smakebuf_r
 .text.__swbuf_r
                0x0000614e       0x7c C:/Renesas/RA/e2studio_v2023-10_fsp_v5.1.0/toolchains/gcc_arm/13.2.rel1/bin/../lib/gcc/arm-none-eabi/13.2.1/thumb/v8-m.main+fp/hard\libg_nano.a(libc_a-wbuf.o)
                0x0000614e                __swbuf_r
 *fill*         0x000061ca        0x2 ff
 .text.__swsetup_r
                0x000061cc       0xac C:/Renesas/RA/e2studio_v2023-10_fsp_v5.1.0/toolchains/gcc_arm/13.2.rel1/bin/../lib/gcc/arm-none-eabi/13.2.1/thumb/v8-m.main+fp/hard\libg_nano.a(libc_a-wsetup.o)
                0x000061cc                __swsetup_r
 .text.memmove  0x00006278       0x34 C:/Renesas/RA/e2studio_v2023-10_fsp_v5.1.0/toolchains/gcc_arm/13.2.rel1/bin/../lib/gcc/arm-none-eabi/13.2.1/thumb/v8-m.main+fp/hard\libg_nano.a(libc_a-memmove.o)
                0x00006278                memmove
 .text._fstat_r
                0x000062ac       0x24 C:/Renesas/RA/e2studio_v2023-10_fsp_v5.1.0/toolchains/gcc_arm/13.2.rel1/bin/../lib/gcc/arm-none-eabi/13.2.1/thumb/v8-m.main+fp/hard\libg_nano.a(libc_a-fstatr.o)
                0x000062ac                _fstat_r
 .text._isatty_r
                0x000062d0       0x20 C:/Renesas/RA/e2studio_v2023-10_fsp_v5.1.0/toolchains/gcc_arm/13.2.rel1/bin/../lib/gcc/arm-none-eabi/13.2.1/thumb/v8-m.main+fp/hard\libg_nano.a(libc_a-isattyr.o)
                0x000062d0                _isatty_r
 .text._sbrk_r  0x000062f0       0x20 C:/Renesas/RA/e2studio_v2023-10_fsp_v5.1.0/toolchains/gcc_arm/13.2.rel1/bin/../lib/gcc/arm-none-eabi/13.2.1/thumb/v8-m.main+fp/hard\libg_nano.a(libc_a-sbrkr.o)
                0x000062f0                _sbrk_r
 .text._calloc_r
                0x00006310       0x28 C:/Renesas/RA/e2studio_v2023-10_fsp_v5.1.0/toolchains/gcc_arm/13.2.rel1/bin/../lib/gcc/arm-none-eabi/13.2.1/thumb/v8-m.main+fp/hard\libg_nano.a(libc_a-callocr.o)
                0x00006310                _calloc_r
 .text.__ascii_mbtowc
                0x00006338       0x24 C:/Renesas/RA/e2studio_v2023-10_fsp_v5.1.0/toolchains/gcc_arm/13.2.rel1/bin/../lib/gcc/arm-none-eabi/13.2.1/thumb/v8-m.main+fp/hard\libg_nano.a(libc_a-mbtowc_r.o)
                0x00006338                __ascii_mbtowc
 .text._realloc_r
                0x0000635c       0x5c C:/Renesas/RA/e2studio_v2023-10_fsp_v5.1.0/toolchains/gcc_arm/13.2.rel1/bin/../lib/gcc/arm-none-eabi/13.2.1/thumb/v8-m.main+fp/hard\libg_nano.a(libc_a-reallocr.o)
                0x0000635c                _realloc_r
 .text.__ascii_wctomb
                0x000063b8       0x1a C:/Renesas/RA/e2studio_v2023-10_fsp_v5.1.0/toolchains/gcc_arm/13.2.rel1/bin/../lib/gcc/arm-none-eabi/13.2.1/thumb/v8-m.main+fp/hard\libg_nano.a(libc_a-wctomb_r.o)
                0x000063b8                __ascii_wctomb
 .text._malloc_usable_size_r
                0x000063d2       0x10 C:/Renesas/RA/e2studio_v2023-10_fsp_v5.1.0/toolchains/gcc_arm/13.2.rel1/bin/../lib/gcc/arm-none-eabi/13.2.1/thumb/v8-m.main+fp/hard\libg_nano.a(libc_a-msizer.o)
                0x000063d2                _malloc_usable_size_r
 *fill*         0x000063e2        0x2 ff
 .text          0x000063e4       0x2c C:/Renesas/RA/e2studio_v2023-10_fsp_v5.1.0/toolchains/gcc_arm/13.2.rel1/bin/../lib/gcc/arm-none-eabi/13.2.1/thumb/v8-m.main+fp/hard\libgcc.a(_arm_unorddf2.o)
                0x000063e4                __unorddf2
                0x000063e4                __aeabi_dcmpun
 .text          0x00006410       0x50 C:/Renesas/RA/e2studio_v2023-10_fsp_v5.1.0/toolchains/gcc_arm/13.2.rel1/bin/../lib/gcc/arm-none-eabi/13.2.1/thumb/v8-m.main+fp/hard\libgcc.a(_arm_fixdfsi.o)
                0x00006410                __aeabi_d2iz
                0x00006410                __fixdfsi
 .text._close   0x00006460       0x10 C:/Renesas/RA/e2studio_v2023-10_fsp_v5.1.0/toolchains/gcc_arm/13.2.rel1/bin/../lib/gcc/arm-none-eabi/13.2.1/thumb/v8-m.main+fp/hard\libnosys.a(close.o)
                0x00006460                _close
 .text._fstat   0x00006470       0x10 C:/Renesas/RA/e2studio_v2023-10_fsp_v5.1.0/toolchains/gcc_arm/13.2.rel1/bin/../lib/gcc/arm-none-eabi/13.2.1/thumb/v8-m.main+fp/hard\libnosys.a(fstat.o)
                0x00006470                _fstat
 .text._isatty  0x00006480       0x10 C:/Renesas/RA/e2studio_v2023-10_fsp_v5.1.0/toolchains/gcc_arm/13.2.rel1/bin/../lib/gcc/arm-none-eabi/13.2.1/thumb/v8-m.main+fp/hard\libnosys.a(isatty.o)
                0x00006480                _isatty
 .text._lseek   0x00006490       0x10 C:/Renesas/RA/e2studio_v2023-10_fsp_v5.1.0/toolchains/gcc_arm/13.2.rel1/bin/../lib/gcc/arm-none-eabi/13.2.1/thumb/v8-m.main+fp/hard\libnosys.a(lseek.o)
                0x00006490                _lseek
 .text._read    0x000064a0       0x10 C:/Renesas/RA/e2studio_v2023-10_fsp_v5.1.0/toolchains/gcc_arm/13.2.rel1/bin/../lib/gcc/arm-none-eabi/13.2.1/thumb/v8-m.main+fp/hard\libnosys.a(read.o)
                0x000064a0                _read
 *(.version)
 .version       0x000064b0       0x50 ./ra/fsp/src/bsp/mcu/all/bsp_common.o
 *(.init)
 .init          0x00006500        0x4 C:/Renesas/RA/e2studio_v2023-10_fsp_v5.1.0/toolchains/gcc_arm/13.2.rel1/bin/../lib/gcc/arm-none-eabi/13.2.1/thumb/v8-m.main+fp/hard/crti.o
                0x00006500                _init
 .init          0x00006504        0x8 C:/Renesas/RA/e2studio_v2023-10_fsp_v5.1.0/toolchains/gcc_arm/13.2.rel1/bin/../lib/gcc/arm-none-eabi/13.2.1/thumb/v8-m.main+fp/hard/crtn.o
 *(.fini)
 .fini          0x0000650c        0x4 C:/Renesas/RA/e2studio_v2023-10_fsp_v5.1.0/toolchains/gcc_arm/13.2.rel1/bin/../lib/gcc/arm-none-eabi/13.2.1/thumb/v8-m.main+fp/hard/crti.o
                0x0000650c                _fini
 .fini          0x00006510        0x8 C:/Renesas/RA/e2studio_v2023-10_fsp_v5.1.0/toolchains/gcc_arm/13.2.rel1/bin/../lib/gcc/arm-none-eabi/13.2.1/thumb/v8-m.main+fp/hard/crtn.o
 *crtbegin.o(.ctors)
 *crtbegin?.o(.ctors)
 *(EXCLUDE_FILE(*crtend.o *crtend?.o) .ctors)
 *(SORT_BY_NAME(.ctors.*))
 *(.ctors)
 *crtbegin.o(.dtors)
 *crtbegin?.o(.dtors)
 *(EXCLUDE_FILE(*crtend.o *crtend?.o) .dtors)
 *(SORT_BY_NAME(.dtors.*))
 *(.dtors)
 *(.rodata*)
 .rodata.hal_entry.str1.4
                0x00006518      0x105 ./src/hal_entry.o
                                0x101 (size before relaxing)
 *fill*         0x0000661d        0x3 ff
 .rodata.g_i2c_master0
                0x00006620        0xc ./ra_gen/common_data.o
                0x00006620                g_i2c_master0
 .rodata.g_i2c_master0_cfg
                0x0000662c       0x28 ./ra_gen/common_data.o
                0x0000662c                g_i2c_master0_cfg
 .rodata.g_i2c_master0_extend
                0x00006654        0x5 ./ra_gen/common_data.o
                0x00006654                g_i2c_master0_extend
 *fill*         0x00006659        0x3 ff
 .rodata.g_write_UART_cfg
                0x0000665c       0x20 ./ra_gen/hal_data.o
                0x0000665c                g_write_UART_cfg
 .rodata.g_write_UART_cfg_extend
                0x0000667c       0x14 ./ra_gen/hal_data.o
                0x0000667c                g_write_UART_cfg_extend
 .rodata.g_hs300x_sensor0_cfg
                0x00006690       0x10 ./ra_gen/hal_data.o
                0x00006690                g_hs300x_sensor0_cfg
 .rodata.g_comms_i2c_device1
                0x000066a0        0xc ./ra_gen/hal_data.o
                0x000066a0                g_comms_i2c_device1
 .rodata.g_comms_i2c_device1_cfg
                0x000066ac       0x14 ./ra_gen/hal_data.o
                0x000066ac                g_comms_i2c_device1_cfg
 .rodata.g_comms_i2c_device1_lower_level_cfg
                0x000066c0       0x28 ./ra_gen/hal_data.o
                0x000066c0                g_comms_i2c_device1_lower_level_cfg
 .rodata.g_ob1203_sensor0_cfg
                0x000066e8       0x1c ./ra_gen/hal_data.o
                0x000066e8                g_ob1203_sensor0_cfg
 .rodata.g_comms_i2c_device0
                0x00006704        0xc ./ra_gen/hal_data.o
                0x00006704                g_comms_i2c_device0
 .rodata.g_comms_i2c_device0_cfg
                0x00006710       0x14 ./ra_gen/hal_data.o
                0x00006710                g_comms_i2c_device0_cfg
 .rodata.g_comms_i2c_device0_lower_level_cfg
                0x00006724       0x28 ./ra_gen/hal_data.o
                0x00006724                g_comms_i2c_device0_lower_level_cfg
 .rodata.g_adc0_cfg
                0x0000674c       0x18 ./ra_gen/hal_data.o
                0x0000674c                g_adc0_cfg
 .rodata.g_adc0_cfg_extend
                0x00006764        0xa ./ra_gen/hal_data.o
                0x00006764                g_adc0_cfg_extend
 *fill*         0x0000676e        0x2 ff
 .rodata.g_bsp_pin_cfg
                0x00006770        0xc ./ra_gen/pin_data.o
                0x00006770                g_bsp_pin_cfg
 .rodata.g_bsp_pin_cfg_data
                0x0000677c      0x288 ./ra_gen/pin_data.o
                0x0000677c                g_bsp_pin_cfg_data
 .rodata.g_interrupt_event_link_select
                0x00006a04       0xc0 ./ra_gen/vector_data.o
                0x00006a04                g_interrupt_event_link_select
 .rodata.g_ob1203_on_ob1203_light_proximity
                0x00006ac4       0x3c ./ra/fsp/src/rm_ob1203/light_proximity_mode/rm_ob1203_light_proximity_mode.o
                0x00006ac4                g_ob1203_on_ob1203_light_proximity
 .rodata.g_comms_on_comms_i2c
                0x00006b00       0x18 ./ra/fsp/src/rm_comms_i2c/rm_comms_i2c.o
                0x00006b00                g_comms_on_comms_i2c
 .rodata.g_vbatt_pins_input
                0x00006b18        0x6 ./ra/fsp/src/r_ioport/r_ioport.o
 *fill*         0x00006b1e        0x2 ff
 .rodata.g_i2c_master_on_iic
                0x00006b20       0x20 ./ra/fsp/src/r_iic_master/r_iic_master.o
                0x00006b20                g_i2c_master_on_iic
 .rodata.adc_elc_trigger_lut
                0x00006b40        0xc ./ra/fsp/src/r_adc/r_adc.o
 .rodata.g_prcr_masks
                0x00006b4c        0x8 ./ra/fsp/src/bsp/mcu/all/bsp_register_protection.o
 .rodata.g_bsp_leds
                0x00006b54        0x8 ./ra/board/ra6m5_ck/board_leds.o
                0x00006b54                g_bsp_leds
 .rodata.g_bsp_prv_leds
                0x00006b5c        0xc ./ra/board/ra6m5_ck/board_leds.o
 .rodata._printf_float.str1.1
                0x00006b68      0x137 C:/Renesas/RA/e2studio_v2023-10_fsp_v5.1.0/toolchains/gcc_arm/13.2.rel1/bin/../lib/gcc/arm-none-eabi/13.2.1/thumb/v8-m.main+fp/hard\libg_nano.a(libc_a-nano-vfprintf_float.o)
                                 0x12 (size before relaxing)
 .rodata._printf_i.str1.1
                0x00006c9f       0x22 C:/Renesas/RA/e2studio_v2023-10_fsp_v5.1.0/toolchains/gcc_arm/13.2.rel1/bin/../lib/gcc/arm-none-eabi/13.2.1/thumb/v8-m.main+fp/hard\libg_nano.a(libc_a-nano-vfprintf_i.o)
 .rodata._dtoa_r.str1.1
                0x00006c9f       0x90 C:/Renesas/RA/e2studio_v2023-10_fsp_v5.1.0/toolchains/gcc_arm/13.2.rel1/bin/../lib/gcc/arm-none-eabi/13.2.1/thumb/v8-m.main+fp/hard\libg_nano.a(libc_a-dtoa.o)
 .rodata._Balloc.str1.1
                0x00006c9f       0x71 C:/Renesas/RA/e2studio_v2023-10_fsp_v5.1.0/toolchains/gcc_arm/13.2.rel1/bin/../lib/gcc/arm-none-eabi/13.2.1/thumb/v8-m.main+fp/hard\libg_nano.a(libc_a-mprec.o)
 .rodata.__multadd.str1.1
                0x00006c9f       0x11 C:/Renesas/RA/e2studio_v2023-10_fsp_v5.1.0/toolchains/gcc_arm/13.2.rel1/bin/../lib/gcc/arm-none-eabi/13.2.1/thumb/v8-m.main+fp/hard\libg_nano.a(libc_a-mprec.o)
 *fill*         0x00006c9f        0x1 ff
 .rodata.p05.0  0x00006ca0        0xc C:/Renesas/RA/e2studio_v2023-10_fsp_v5.1.0/toolchains/gcc_arm/13.2.rel1/bin/../lib/gcc/arm-none-eabi/13.2.1/thumb/v8-m.main+fp/hard\libg_nano.a(libc_a-mprec.o)
 *fill*         0x00006cac        0x4 ff
 .rodata.__mprec_bigtens
                0x00006cb0       0x28 C:/Renesas/RA/e2studio_v2023-10_fsp_v5.1.0/toolchains/gcc_arm/13.2.rel1/bin/../lib/gcc/arm-none-eabi/13.2.1/thumb/v8-m.main+fp/hard\libg_nano.a(libc_a-mprec.o)
                0x00006cb0                __mprec_bigtens
 .rodata.__mprec_tens
                0x00006cd8       0xc8 C:/Renesas/RA/e2studio_v2023-10_fsp_v5.1.0/toolchains/gcc_arm/13.2.rel1/bin/../lib/gcc/arm-none-eabi/13.2.1/thumb/v8-m.main+fp/hard\libg_nano.a(libc_a-mprec.o)
                0x00006cd8                __mprec_tens
 .rodata._svfprintf_r.str1.1
                0x00006da0       0x11 C:/Renesas/RA/e2studio_v2023-10_fsp_v5.1.0/toolchains/gcc_arm/13.2.rel1/bin/../lib/gcc/arm-none-eabi/13.2.1/thumb/v8-m.main+fp/hard\libg_nano.a(libc_a-nano-svfprintf.o)
 .rodata._vfprintf_r.str1.1
                0x00006da0       0x11 C:/Renesas/RA/e2studio_v2023-10_fsp_v5.1.0/toolchains/gcc_arm/13.2.rel1/bin/../lib/gcc/arm-none-eabi/13.2.1/thumb/v8-m.main+fp/hard\libg_nano.a(libc_a-nano-vfprintf.o)
 .rodata._setlocale_r.str1.1
                0x00006da0        0x9 C:/Renesas/RA/e2studio_v2023-10_fsp_v5.1.0/toolchains/gcc_arm/13.2.rel1/bin/../lib/gcc/arm-none-eabi/13.2.1/thumb/v8-m.main+fp/hard\libg_nano.a(libc_a-locale.o)
 .rodata.str1.1
                0x00006da0        0x2 C:/Renesas/RA/e2studio_v2023-10_fsp_v5.1.0/toolchains/gcc_arm/13.2.rel1/bin/../lib/gcc/arm-none-eabi/13.2.1/thumb/v8-m.main+fp/hard\libg_nano.a(libc_a-locale.o)
 .rodata._ctype_
                0x00006da0      0x101 C:/Renesas/RA/e2studio_v2023-10_fsp_v5.1.0/toolchains/gcc_arm/13.2.rel1/bin/../lib/gcc/arm-none-eabi/13.2.1/thumb/v8-m.main+fp/hard\libg_nano.a(libc_a-ctype_.o)
                0x00006da0                _ctype_
                0x00006ea1                        __usb_dev_descriptor_start_fs = .
 *(.usb_device_desc_fs*)
                0x00006ea1                        __usb_cfg_descriptor_start_fs = .
 *(.usb_config_desc_fs*)
                0x00006ea1                        __usb_interface_descriptor_start_fs = .
 *(.usb_interface_desc_fs*)
                0x00006ea1                        __usb_descriptor_end_fs = .
                0x00006ea1                        __usb_dev_descriptor_start_hs = .
 *(.usb_device_desc_hs*)
                0x00006ea1                        __usb_cfg_descriptor_start_hs = .
 *(.usb_config_desc_hs*)
                0x00006ea1                        __usb_interface_descriptor_start_hs = .
 *(.usb_interface_desc_hs*)
                0x00006ea1                        __usb_descriptor_end_hs = .
 *(.eh_frame*)
 *fill*         0x00006ea1        0x3 ff
 .eh_frame      0x00006ea4        0x0 C:/Renesas/RA/e2studio_v2023-10_fsp_v5.1.0/toolchains/gcc_arm/13.2.rel1/bin/../lib/gcc/arm-none-eabi/13.2.1/thumb/v8-m.main+fp/hard/crtbegin.o
 .eh_frame      0x00006ea4       0x28 C:/Renesas/RA/e2studio_v2023-10_fsp_v5.1.0/toolchains/gcc_arm/13.2.rel1/bin/../lib/gcc/arm-none-eabi/13.2.1/thumb/v8-m.main+fp/hard\libg_nano.a(libc_a-strlen.o)
 .eh_frame      0x00006ecc        0x4 C:/Renesas/RA/e2studio_v2023-10_fsp_v5.1.0/toolchains/gcc_arm/13.2.rel1/bin/../lib/gcc/arm-none-eabi/13.2.1/thumb/v8-m.main+fp/hard/crtend.o
                0x00006ed0                        __ROM_End = .
                0x000001c0                        __Vectors_Size = (__Vectors_End - __Vectors)

.glue_7         0x00006ed0        0x0
 .glue_7        0x00006ed0        0x0 linker stubs

.glue_7t        0x00006ed0        0x0
 .glue_7t       0x00006ed0        0x0 linker stubs

.vfp11_veneer   0x00006ed0        0x0
 .vfp11_veneer  0x00006ed0        0x0 linker stubs

.v4_bx          0x00006ed0        0x0
 .v4_bx         0x00006ed0        0x0 linker stubs

.iplt           0x00006ed0        0x0
 .iplt          0x00006ed0        0x0 C:/Renesas/RA/e2studio_v2023-10_fsp_v5.1.0/toolchains/gcc_arm/13.2.rel1/bin/../lib/gcc/arm-none-eabi/13.2.1/thumb/v8-m.main+fp/hard/crtbegin.o
                0x00006ed0                        . = .
                0x00006ed0                        __itcm_data_pre_location = .

.itcm_data      0x00000000        0x0 load address 0x00006ed0
                0x00000000                        __tz_ITCM_S = ABSOLUTE (ITCM_START)
                0x00000000                        __itcm_data_start = .
 *(.itcm_data*)
                0x00000000                        . = ALIGN (0x8)
                0x00000000                        __itcm_data_end = .
                0x00000000                        __tz_ITCM_N = DEFINED (ITCM_NS_START)?ABSOLUTE (ITCM_NS_START):ALIGN (__itcm_data_end, 0x2000)
                0x00006ed0                        __itcm_data_init_start = LOADADDR (.itcm_data)
                0x00006ed0                        __itcm_data_init_end = (LOADADDR (.itcm_data) + SIZEOF (.itcm_data))
                0x00000001                        ASSERT (((ORIGIN (ITCM) % 0x8) == 0x0), ITCM memory region origin must be aligned to 8 bytes.)
                0x00000001                        ASSERT (((LENGTH (ITCM) % 0x8) == 0x0), ITCM memory region length must be a multiple of 8 bytes.)
                0x00000001                        ASSERT (((LOADADDR (.itcm_data) % 0x10) == 0x0), .itcm_data section must be aligned to 16 bytes.)
                0x00000001                        ASSERT (((SIZEOF (.itcm_data) % 0x8) == 0x0), .itcm_data section size must be a multiple of 8 bytes.)
                0x00006ed0                        . = (SIZEOF (.itcm_data) > 0x0)?__itcm_data_init_end:__itcm_data_pre_location
                0x00006ed0                        __exidx_start = .

/DISCARD/
 *(.ARM.extab* .gnu.linkonce.armextab.*)
 *(.ARM.exidx* .gnu.linkonce.armexidx.*)
                0x00006ed0                        __exidx_end = .
                0x00006ed0                        __etext = .
                0x20000000                        __tz_RAM_S = ORIGIN (RAM)

.fsp_dtc_vector_table
                0x20000000        0x0
                0x20000000                        . = ORIGIN (RAM)
 *(.fsp_dtc_vector_table)

.data           0x20000000      0x21c load address 0x00006ed0
                0x20000000                        __data_start__ = .
                0x20000000                        . = ALIGN (0x4)
                0x20000000                        __Code_In_RAM_Start = .
 *(.code_in_ram*)
                0x20000000                        __Code_In_RAM_End = .
 *(vtable)
 *(.data.*)
 .data.g_comms_i2c_bus0_extended_cfg
                0x20000000        0xc ./ra_gen/common_data.o
                0x20000000                g_comms_i2c_bus0_extended_cfg
 .data.g_write_UART_baud_setting
                0x2000000c        0x4 ./ra_gen/hal_data.o
                0x2000000c                g_write_UART_baud_setting
 .data.g_ob1203_sensor0_extended_cfg
                0x20000010       0x3c ./ra_gen/hal_data.o
                0x20000010                g_ob1203_sensor0_extended_cfg
 .data.__sglue  0x2000004c        0xc C:/Renesas/RA/e2studio_v2023-10_fsp_v5.1.0/toolchains/gcc_arm/13.2.rel1/bin/../lib/gcc/arm-none-eabi/13.2.1/thumb/v8-m.main+fp/hard\libg_nano.a(libc_a-findfp.o)
                0x2000004c                __sglue
 .data._impure_ptr
                0x20000058        0x4 C:/Renesas/RA/e2studio_v2023-10_fsp_v5.1.0/toolchains/gcc_arm/13.2.rel1/bin/../lib/gcc/arm-none-eabi/13.2.1/thumb/v8-m.main+fp/hard\libg_nano.a(libc_a-impure.o)
                0x20000058                _impure_ptr
 .data._impure_data
                0x2000005c       0x4c C:/Renesas/RA/e2studio_v2023-10_fsp_v5.1.0/toolchains/gcc_arm/13.2.rel1/bin/../lib/gcc/arm-none-eabi/13.2.1/thumb/v8-m.main+fp/hard\libg_nano.a(libc_a-impure.o)
                0x2000005c                _impure_data
 .data.__global_locale
                0x200000a8      0x16c C:/Renesas/RA/e2studio_v2023-10_fsp_v5.1.0/toolchains/gcc_arm/13.2.rel1/bin/../lib/gcc/arm-none-eabi/13.2.1/thumb/v8-m.main+fp/hard\libg_nano.a(libc_a-locale.o)
                0x200000a8                __global_locale
 *(.data)
                0x20000214                        . = ALIGN (0x4)
                0x20000214                        PROVIDE (__preinit_array_start = .)
 *(.preinit_array)
                0x20000214                        PROVIDE (__preinit_array_end = .)
                0x20000214                        . = ALIGN (0x4)
                0x20000214                        PROVIDE (__init_array_start = .)
 *(SORT_BY_NAME(.init_array.*))
 *(.init_array)
 .init_array    0x20000214        0x4 C:/Renesas/RA/e2studio_v2023-10_fsp_v5.1.0/toolchains/gcc_arm/13.2.rel1/bin/../lib/gcc/arm-none-eabi/13.2.1/thumb/v8-m.main+fp/hard/crtbegin.o
                0x20000218                        PROVIDE (__init_array_end = .)
                0x20000218                        . = ALIGN (0x4)
                [!provide]                        PROVIDE (__fini_array_start = .)
 *(SORT_BY_NAME(.fini_array.*))
 *(.fini_array)
 .fini_array    0x20000218        0x4 C:/Renesas/RA/e2studio_v2023-10_fsp_v5.1.0/toolchains/gcc_arm/13.2.rel1/bin/../lib/gcc/arm-none-eabi/13.2.1/thumb/v8-m.main+fp/hard/crtbegin.o
                [!provide]                        PROVIDE (__fini_array_end = .)
 *(.jcr*)
                0x2000021c                        . = ALIGN (0x4)
                0x2000021c                        __data_end__ = .

.tm_clone_table
                0x2000021c        0x0 load address 0x000070ec
 .tm_clone_table
                0x2000021c        0x0 C:/Renesas/RA/e2studio_v2023-10_fsp_v5.1.0/toolchains/gcc_arm/13.2.rel1/bin/../lib/gcc/arm-none-eabi/13.2.1/thumb/v8-m.main+fp/hard/crtbegin.o
 .tm_clone_table
                0x2000021c        0x0 C:/Renesas/RA/e2studio_v2023-10_fsp_v5.1.0/toolchains/gcc_arm/13.2.rel1/bin/../lib/gcc/arm-none-eabi/13.2.1/thumb/v8-m.main+fp/hard/crtend.o

.igot.plt       0x2000021c        0x0 load address 0x000070ec
 .igot.plt      0x2000021c        0x0 C:/Renesas/RA/e2studio_v2023-10_fsp_v5.1.0/toolchains/gcc_arm/13.2.rel1/bin/../lib/gcc/arm-none-eabi/13.2.1/thumb/v8-m.main+fp/hard/crtbegin.o
                0x2000021c                        . = .
                0x000070ec                        __dtcm_data_pre_location = (LOADADDR (.data) + SIZEOF (.data))

.dtcm_data      0x00000000        0x0 load address 0x000070f0
                0x00000000                        __tz_DTCM_S = ABSOLUTE (DTCM_START)
                0x00000000                        __dtcm_data_start = .
 *(.dtcm_data*)
                0x00000000                        . = ALIGN (0x8)
                0x00000000                        __dtcm_data_end = .
                0x00000000                        . = __dtcm_data_end

.dtcm_bss       0x00000000        0x0
                0x00000000                        __dtcm_bss_start = .
 *(.dtcm_bss*)
                0x00000000                        . = ALIGN (0x8)
                0x00000000                        __dtcm_bss_end = .
                0x00000000                        __tz_DTCM_N = DEFINED (DTCM_NS_START)?ABSOLUTE (DTCM_NS_START):ALIGN (__dtcm_bss_end, 0x2000)
                0x000070f0                        __dtcm_data_init_start = LOADADDR (.dtcm_data)
                0x000070f0                        __dtcm_data_init_end = (LOADADDR (.dtcm_data) + SIZEOF (.dtcm_data))
                0x00000001                        ASSERT (((ORIGIN (DTCM) % 0x8) == 0x0), DTCM memory region origin must be aligned to 8 bytes.)
                0x00000001                        ASSERT (((LENGTH (DTCM) % 0x8) == 0x0), DTCM memory region length must be a multiple of 8 bytes.)
                0x00000001                        ASSERT ((LOADADDR (.dtcm_bss) == ADDR (.dtcm_bss)), .dtcm_bss has (VMA != LMA) but should be NOLOAD (VMA == LMA).)
                0x00000001                        ASSERT (((LOADADDR (.dtcm_data) % 0x10) == 0x0), .dtcm_data section must be aligned to 16 bytes.)
                0x00000001                        ASSERT (((SIZEOF (.dtcm_data) % 0x8) == 0x0), .dtcm_data section size must be a multiple of 8 bytes.)
                0x00000001                        ASSERT (((LOADADDR (.dtcm_bss) % 0x8) == 0x0), .dtcm_bss section must be aligned to 8 bytes.)
                0x00000001                        ASSERT (((SIZEOF (.dtcm_bss) % 0x8) == 0x0), .dtcm_bss section size must be a multiple of 8 bytes.)
                0x00000001                        ASSERT ((__dtcm_bss_start == __dtcm_data_end), .dtcm_bss section is not adjacent to .dtcm_data section.)
                0x000070ec                        . = (SIZEOF (.dtcm_data) > 0x0)?__dtcm_data_init_end:__dtcm_data_pre_location
                0x000070ec                        sgstubs_pre_location = .
                0x00007400                        SGSTUBS_LOC = (DEFINED (PROJECT_SECURE) && DEFINED (FLASH_NSC_START))?ABSOLUTE (FLASH_NSC_START):ALIGN (0x400)

.gnu.sgstubs    0x00007400        0x0
                0x00007400                        __tz_FLASH_C = DEFINED (FLASH_NSC_START)?ABSOLUTE (FLASH_NSC_START):__RESERVE_NS_RAM?ABSOLUTE ((FLASH_START + FLASH_LENGTH)):ALIGN (0x400)
                0x00007400                        _start_sg = .
 *(.gnu.sgstubs*)
                0x00007400                        . = ALIGN (0x20)
                0x00007400                        _end_sg = .
                0x00008000                        __tz_FLASH_N = DEFINED (FLASH_NS_START)?ABSOLUTE (FLASH_NS_START):__RESERVE_NS_RAM?ABSOLUTE ((FLASH_START + FLASH_LENGTH)):(FLASH_LENGTH < 0x8000)?FLASH_LENGTH:ALIGN (0x8000)
                0x00008000                        FLASH_NS_IMAGE_START = DEFINED (FLASH_NS_IMAGE_START)?FLASH_NS_IMAGE_START:__tz_FLASH_N
                0x60000000                        __tz_QSPI_FLASH_S = ORIGIN (QSPI_FLASH)

.qspi_flash     0x60000000        0x0
                0x60000000                        __qspi_flash_start__ = .
 *(.qspi_flash*)
 *(.code_in_qspi*)
                0x60000000                        __qspi_flash_end__ = .
                0x00000000                        __qspi_flash_code_size__ = (__qspi_flash_end__ - __qspi_flash_start__)
                0x000070ec                        __qspi_flash_code_addr__ = sgstubs_pre_location

.qspi_non_retentive
                0x60000000        0x0 load address 0x000070ec
                0x60000000                        __qspi_non_retentive_start__ = .
 *(.qspi_non_retentive*)
                0x60000000                        __qspi_non_retentive_end__ = .
                0x00000000                        __qspi_non_retentive_size__ = (__qspi_non_retentive_end__ - __qspi_non_retentive_start__)
                0x04000000                        __qspi_region_max_size__ = 0x4000000
                0x60000000                        __qspi_region_start_address__ = __qspi_flash_start__
                0x64000000                        __qspi_region_end_address__ = (__qspi_flash_start__ + __qspi_region_max_size__)
                0x60000000                        __tz_QSPI_FLASH_N = __qspi_non_retentive_end__

.OSPI_DEVICE_0_NO_LOAD
                0x68000000        0x0
                0x68000000                        . = ALIGN (0x4)
                0x68000000                        __ospi_device_0_start__ = .
 *(.ospi_device_0_no_load*)
                0x68000000                        . = ALIGN (0x4)
                0x68000000                        __ospi_device_0_end__ = .

.OSPI_DEVICE_1_NO_LOAD
                0x70000000        0x0
                0x70000000                        . = ALIGN (0x4)
                0x70000000                        __ospi_device_1_start__ = .
 *(.ospi_device_1_no_load*)
                0x70000000                        . = ALIGN (0x4)
                0x70000000                        __ospi_device_1_end__ = .
                0x68000000                        __tz_OSPI_DEVICE_0_S = ORIGIN (OSPI_DEVICE_0)

.OSPI_DEVICE_0  0x68000000        0x0
                0x68000000                        __ospi_device_0_start__ = .
 *(.ospi_device_0*)
 *(.code_in_ospi_device_0*)
                0x68000000                        __ospi_device_0_end__ = .
                0x00000000                        __ospi_device_0_code_size__ = (__ospi_device_0_end__ - __ospi_device_0_start__)
                0x000070ec                        __ospi_device_0_code_addr__ = (sgstubs_pre_location + SIZEOF (.qspi_non_retentive))

.ospi_device_0_non_retentive
                0x68000000        0x0 load address 0x000070ec
                0x68000000                        __ospi_device_0_non_retentive_start__ = .
 *(.ospi_device_0_non_retentive*)
                0x68000000                        __ospi_device_0_non_retentive_end__ = .
                0x00000000                        __ospi_device_0_non_retentive_size__ = (__ospi_device_0_non_retentive_end__ - __ospi_device_0_non_retentive_start__)
                0x08000000                        __ospi_device_0_region_max_size__ = 0x8000000
                0x68000000                        __ospi_device_0_region_start_address__ = __ospi_device_0_start__
                0x70000000                        __ospi_device_0_region_end_address__ = (__ospi_device_0_start__ + __ospi_device_0_region_max_size__)
                0x68000000                        __tz_OSPI_DEVICE_0_N = __ospi_device_0_non_retentive_end__
                0x70000000                        __tz_OSPI_DEVICE_1_S = ORIGIN (OSPI_DEVICE_1)

.OSPI_DEVICE_1  0x70000000        0x0
                0x70000000                        __ospi_device_1_start__ = .
 *(.ospi_device_1*)
 *(.code_in_ospi_device_1*)
                0x70000000                        __ospi_device_1_end__ = .
                0x00000000                        __ospi_device_1_code_size__ = (__ospi_device_1_end__ - __ospi_device_1_start__)
                0x000070ec                        __ospi_device_1_code_addr__ = (sgstubs_pre_location + (SIZEOF (.qspi_non_retentive) + SIZEOF (.ospi_device_0_non_retentive)))

.ospi_device_1_non_retentive
                0x70000000        0x0 load address 0x000070ec
                0x70000000                        __ospi_device_1_non_retentive_start__ = .
 *(.ospi_device_1_non_retentive*)
                0x70000000                        __ospi_device_1_non_retentive_end__ = .
                0x00000000                        __ospi_device_1_non_retentive_size__ = (__ospi_device_1_non_retentive_end__ - __ospi_device_1_non_retentive_start__)
                0x10000000                        __ospi_device_1_region_max_size__ = 0x10000000
                0x70000000                        __ospi_device_1_region_start_address__ = __ospi_device_1_start__
                0x80000000                        __ospi_device_1_region_end_address__ = (__ospi_device_1_start__ + __ospi_device_1_region_max_size__)
                0x70000000                        __tz_OSPI_DEVICE_1_N = __ospi_device_1_non_retentive_end__

.noinit         0x2000021c       0x1c
                0x2000021c                        . = ALIGN (0x4)
                0x2000021c                        __noinit_start = .
 *(.noinit*)
 .noinit        0x2000021c       0x1c ./ra/fsp/src/bsp/mcu/all/bsp_clocks.o
                0x20000238                        . = ALIGN (0x8)
 *(.heap.*)
                0x20000238                        __noinit_end = .

.bss            0x20000238      0x488
                0x20000238                        . = ALIGN (0x4)
                0x20000238                        __bss_start__ = .
 *(.bss*)
 .bss.completed.1
                0x20000238        0x1 C:/Renesas/RA/e2studio_v2023-10_fsp_v5.1.0/toolchains/gcc_arm/13.2.rel1/bin/../lib/gcc/arm-none-eabi/13.2.1/thumb/v8-m.main+fp/hard/crtbegin.o
 *fill*         0x20000239        0x3 
 .bss.object.0  0x2000023c       0x18 C:/Renesas/RA/e2studio_v2023-10_fsp_v5.1.0/toolchains/gcc_arm/13.2.rel1/bin/../lib/gcc/arm-none-eabi/13.2.1/thumb/v8-m.main+fp/hard/crtbegin.o
 *fill*         0x20000254        0x4 
 .bss.clear_data_percentage
                0x20000258        0x8 ./src/hal_entry.o
                0x20000258                clear_data_percentage
 .bss.percentageWater
                0x20000260        0x8 ./src/hal_entry.o
                0x20000260                percentageWater
 .bss.y         0x20000268        0x1 ./src/hal_entry.o
                0x20000268                y
 .bss.x         0x20000269        0x1 ./src/hal_entry.o
                0x20000269                x
 .bss.g_ob1203_i2c_completed
                0x2000026a        0x1 ./src/hal_entry.o
 .bss.hs300x_complete
                0x2000026b        0x1 ./src/hal_entry.o
 .bss.isTransfer
                0x2000026c        0x1 ./src/hal_entry.o
 *fill*         0x2000026d        0x3 
 .bss.g_ioport_ctrl
                0x20000270        0x8 ./ra_gen/common_data.o
                0x20000270                g_ioport_ctrl
 .bss.g_i2c_master0_ctrl
                0x20000278       0x40 ./ra_gen/common_data.o
                0x20000278                g_i2c_master0_ctrl
 .bss.g_write_UART_ctrl
                0x200002b8       0x30 ./ra_gen/hal_data.o
                0x200002b8                g_write_UART_ctrl
 .bss.g_hs300x_sensor0_ctrl
                0x200002e8       0x1c ./ra_gen/hal_data.o
                0x200002e8                g_hs300x_sensor0_ctrl
 .bss.g_comms_i2c_device1_ctrl
                0x20000304       0x20 ./ra_gen/hal_data.o
                0x20000304                g_comms_i2c_device1_ctrl
 .bss.g_ob1203_sensor0_ctrl
                0x20000324       0x38 ./ra_gen/hal_data.o
                0x20000324                g_ob1203_sensor0_ctrl
 .bss.g_comms_i2c_device0_ctrl
                0x2000035c       0x20 ./ra_gen/hal_data.o
                0x2000035c                g_comms_i2c_device0_ctrl
 .bss.g_adc0_ctrl
                0x2000037c       0x24 ./ra_gen/hal_data.o
                0x2000037c                g_adc0_ctrl
 .bss.g_bsp_group_irq_sources
                0x200003a0       0x40 ./ra/fsp/src/bsp/mcu/all/bsp_group_irq.o
                0x200003a0                g_bsp_group_irq_sources
 .bss.g_protect_pfswe_counter
                0x200003e0        0x4 ./ra/fsp/src/bsp/mcu/all/bsp_io.o
                0x200003e0                g_protect_pfswe_counter
 .bss.gp_renesas_isr_context
                0x200003e4      0x180 ./ra/fsp/src/bsp/mcu/all/bsp_irq.o
                0x200003e4                gp_renesas_isr_context
 .bss.g_protect_counters
                0x20000564        0x8 ./ra/fsp/src/bsp/mcu/all/bsp_register_protection.o
                0x20000564                g_protect_counters
 .bss.current_heap_end.0
                0x2000056c        0x4 ./ra/fsp/src/bsp/mcu/all/bsp_sbrk.o
 .bss.SystemCoreClock
                0x20000570        0x4 ./ra/fsp/src/bsp/cmsis/Device/RENESAS/Source/system.o
                0x20000570                SystemCoreClock
 .bss.__sf      0x20000574      0x138 C:/Renesas/RA/e2studio_v2023-10_fsp_v5.1.0/toolchains/gcc_arm/13.2.rel1/bin/../lib/gcc/arm-none-eabi/13.2.1/thumb/v8-m.main+fp/hard\libg_nano.a(libc_a-findfp.o)
                0x20000574                __sf
 .bss.__stdio_exit_handler
                0x200006ac        0x4 C:/Renesas/RA/e2studio_v2023-10_fsp_v5.1.0/toolchains/gcc_arm/13.2.rel1/bin/../lib/gcc/arm-none-eabi/13.2.1/thumb/v8-m.main+fp/hard\libg_nano.a(libc_a-findfp.o)
                0x200006ac                __stdio_exit_handler
 .bss.errno     0x200006b0        0x4 C:/Renesas/RA/e2studio_v2023-10_fsp_v5.1.0/toolchains/gcc_arm/13.2.rel1/bin/../lib/gcc/arm-none-eabi/13.2.1/thumb/v8-m.main+fp/hard\libg_nano.a(libc_a-reent.o)
                0x200006b0                errno
 .bss.__lock___malloc_recursive_mutex
                0x200006b4        0x1 C:/Renesas/RA/e2studio_v2023-10_fsp_v5.1.0/toolchains/gcc_arm/13.2.rel1/bin/../lib/gcc/arm-none-eabi/13.2.1/thumb/v8-m.main+fp/hard\libg_nano.a(libc_a-lock.o)
                0x200006b4                __lock___malloc_recursive_mutex
 .bss.__lock___sfp_recursive_mutex
                0x200006b5        0x1 C:/Renesas/RA/e2studio_v2023-10_fsp_v5.1.0/toolchains/gcc_arm/13.2.rel1/bin/../lib/gcc/arm-none-eabi/13.2.1/thumb/v8-m.main+fp/hard\libg_nano.a(libc_a-lock.o)
                0x200006b5                __lock___sfp_recursive_mutex
 *fill*         0x200006b6        0x2 
 .bss.__malloc_sbrk_start
                0x200006b8        0x4 C:/Renesas/RA/e2studio_v2023-10_fsp_v5.1.0/toolchains/gcc_arm/13.2.rel1/bin/../lib/gcc/arm-none-eabi/13.2.1/thumb/v8-m.main+fp/hard\libg_nano.a(libc_a-mallocr.o)
                0x200006b8                __malloc_sbrk_start
 .bss.__malloc_free_list
                0x200006bc        0x4 C:/Renesas/RA/e2studio_v2023-10_fsp_v5.1.0/toolchains/gcc_arm/13.2.rel1/bin/../lib/gcc/arm-none-eabi/13.2.1/thumb/v8-m.main+fp/hard\libg_nano.a(libc_a-mallocr.o)
                0x200006bc                __malloc_free_list
 *(COMMON)
                0x200006c0                        . = ALIGN (0x4)
                0x200006c0                        __bss_end__ = .

.heap           0x200006c0     0x1000
                0x200006c0                        . = ALIGN (0x8)
                0x200006c0                        __HeapBase = .
 *(.heap)
 .heap          0x200006c0     0x1000 ./ra/fsp/src/bsp/cmsis/Device/RENESAS/Source/startup.o
                0x200016c0                        __HeapLimit = .

.stack_dummy    0x200016c0      0x400
                0x200016c0                        . = ALIGN (0x8)
                0x200016c0                        __StackLimit = .
 *(.stack)
 .stack         0x200016c0      0x400 ./ra/fsp/src/bsp/cmsis/Device/RENESAS/Source/startup.o
                0x20001ac0                        __StackTop = .
 *(.stack*)
                0x20001ac0                        __StackTopAll = .
                0x20001ac0                        PROVIDE (__stack = __StackTopAll)
                0x20001ac0                        __RAM_segment_used_end__ = ALIGN (__StackTopAll, 0x4)
                0x20001c00                        __tz_RAM_C = DEFINED (RAM_NSC_START)?ABSOLUTE ((RAM_NSC_START - RAM_NS_BUFFER_BLOCK_LENGTH)):__RESERVE_NS_RAM?ABSOLUTE (RAM_NS_BUFFER_BLOCK_START):ALIGN (__RAM_segment_used_end__, 0x400)
                0x20002000                        __tz_RAM_N = DEFINED (RAM_NS_START)?ABSOLUTE ((RAM_NS_START - RAM_NS_BUFFER_BLOCK_LENGTH)):__RESERVE_NS_RAM?ABSOLUTE (RAM_NS_BUFFER_BLOCK_START):ALIGN (__tz_RAM_C, 0x2000)

.ns_buffer      0x20001ac0        0x0
                0x20001ac0                        . = __RESERVE_NS_RAM?ABSOLUTE ((RAM_NS_BUFFER_START & 0xffffffe0)):.
 *(.ns_buffer*)

.data_flash     0x08000000        0x0
                0x08000000                        . = ORIGIN (DATA_FLASH)
                0x08000000                        __tz_DATA_FLASH_S = .
                0x08000000                        __Data_Flash_Start = .
 *(.data_flash*)
                0x08000000                        __Data_Flash_End = .
                0x08000000                        __tz_DATA_FLASH_N = DEFINED (DATA_FLASH_NS_START)?ABSOLUTE (DATA_FLASH_NS_START):__RESERVE_NS_RAM?ABSOLUTE ((DATA_FLASH_START + DATA_FLASH_LENGTH)):ALIGN (0x400)
                0x80010000                        __tz_SDRAM_S = ORIGIN (SDRAM)

.sdram          0x80010000        0x0
                0x80010000                        __SDRAM_Start = .
 *(.sdram*)
 *(.frame*)
                0x80010000                        __SDRAM_End = .
                0x80010000                        __tz_SDRAM_N = __SDRAM_End
                0x00000000                        __tz_ID_CODE_S = ORIGIN (ID_CODE)
                0x00000000                        __tz_ID_CODE_N = __tz_ID_CODE_S

.id_code        0x00000000        0x0
                0x00000000                        __ID_Code_Start = .
 *(.id_code*)
                0x00000000                        __ID_Code_End = .
                0x0100a100                        __tz_OPTION_SETTING_S = ORIGIN (OPTION_SETTING_OFS)

.option_setting_ofs
                0x0100a100       0x14
                0x0100a100                        __OPTION_SETTING_OFS_Start = .
 *(.option_setting_ofs0)
 .option_setting_ofs0
                0x0100a100        0x4 ./ra/fsp/src/bsp/mcu/all/bsp_rom_registers.o
                0x0100a104                        . = PROJECT_SECURE_OR_FLAT?(__OPTION_SETTING_OFS_Start + 0x4):__OPTION_SETTING_OFS_Start
 *(.option_setting_ofs2)
                0x0100a110                        . = PROJECT_SECURE_OR_FLAT?(__OPTION_SETTING_OFS_Start + 0x10):__OPTION_SETTING_OFS_Start
 *fill*         0x0100a104        0xc ff
 *(.option_setting_dualsel)
 .option_setting_dualsel
                0x0100a110        0x4 ./ra/fsp/src/bsp/mcu/all/bsp_rom_registers.o
                0x0100a114                        __OPTION_SETTING_OFS_End = .

.option_setting_sas
                0x0100a134        0x4
                0x0100a134                        __OPTION_SETTING_SAS_Start = .
 *(.option_setting_sas)
 .option_setting_sas
                0x0100a134        0x4 ./ra/fsp/src/bsp/mcu/all/bsp_rom_registers.o
                0x0100a138                        __OPTION_SETTING_SAS_End = .
                0x0100a180                        __tz_OPTION_SETTING_N = ABSOLUTE (OPTION_SETTING_START_NS)

.option_setting_ns
                0x0100a100        0x0
                0x0100a100                        __OPTION_SETTING_NS_Start = .
 *(.option_setting_ofs1)
                0x0100a100                        . = USE_OPTION_SETTING_NS?(__OPTION_SETTING_NS_Start + 0x4):__OPTION_SETTING_NS_Start
 *(.option_setting_ofs3)
                0x0100a100                        . = USE_OPTION_SETTING_NS?(__OPTION_SETTING_NS_Start + 0x10):__OPTION_SETTING_NS_Start
 *(.option_setting_banksel)
                0x0100a100                        . = USE_OPTION_SETTING_NS?(__OPTION_SETTING_NS_Start + 0x40):__OPTION_SETTING_NS_Start
 *(.option_setting_bps0)
                0x0100a100                        . = USE_OPTION_SETTING_NS?(__OPTION_SETTING_NS_Start + 0x44):__OPTION_SETTING_NS_Start
 *(.option_setting_bps1)
                0x0100a100                        . = USE_OPTION_SETTING_NS?(__OPTION_SETTING_NS_Start + 0x48):__OPTION_SETTING_NS_Start
 *(.option_setting_bps2)
                0x0100a100                        . = USE_OPTION_SETTING_NS?(__OPTION_SETTING_NS_Start + 0x4c):__OPTION_SETTING_NS_Start
 *(.option_setting_bps3)
                0x0100a100                        . = USE_OPTION_SETTING_NS?(__OPTION_SETTING_NS_Start + 0x60):__OPTION_SETTING_NS_Start
 *(.option_setting_pbps0)
                0x0100a100                        . = USE_OPTION_SETTING_NS?(__OPTION_SETTING_NS_Start + 0x64):__OPTION_SETTING_NS_Start
 *(.option_setting_pbps1)
                0x0100a100                        . = USE_OPTION_SETTING_NS?(__OPTION_SETTING_NS_Start + 0x68):__OPTION_SETTING_NS_Start
 *(.option_setting_pbps2)
                0x0100a100                        . = USE_OPTION_SETTING_NS?(__OPTION_SETTING_NS_Start + 0x6c):__OPTION_SETTING_NS_Start
 *(.option_setting_pbps3)
                0x0100a100                        __OPTION_SETTING_NS_End = .
                0x0100a200                        __tz_OPTION_SETTING_S_S = ORIGIN (OPTION_SETTING_S)

.option_setting_s
                0x0100a200       0xd0
                0x0100a200                        __OPTION_SETTING_S_Start = .
 *(.option_setting_ofs1_sec)
 .option_setting_ofs1_sec
                0x0100a200        0x4 ./ra/fsp/src/bsp/mcu/all/bsp_rom_registers.o
                0x0100a204                        . = PROJECT_SECURE_OR_FLAT?(__OPTION_SETTING_S_Start + 0x4):__OPTION_SETTING_S_Start
 *(.option_setting_ofs3_sec)
                0x0100a210                        . = PROJECT_SECURE_OR_FLAT?(__OPTION_SETTING_S_Start + 0x10):__OPTION_SETTING_S_Start
 *fill*         0x0100a204        0xc ff
 *(.option_setting_banksel_sec)
 .option_setting_banksel_sec
                0x0100a210        0x4 ./ra/fsp/src/bsp/mcu/all/bsp_rom_registers.o
                0x0100a240                        . = PROJECT_SECURE_OR_FLAT?(__OPTION_SETTING_S_Start + 0x40):__OPTION_SETTING_S_Start
 *fill*         0x0100a214       0x2c ff
 *(.option_setting_bps_sec0)
 .option_setting_bps_sec0
                0x0100a240        0x4 ./ra/fsp/src/bsp/mcu/all/bsp_rom_registers.o
                0x0100a244                        . = PROJECT_SECURE_OR_FLAT?(__OPTION_SETTING_S_Start + 0x44):__OPTION_SETTING_S_Start
 *(.option_setting_bps_sec1)
 .option_setting_bps_sec1
                0x0100a244        0x4 ./ra/fsp/src/bsp/mcu/all/bsp_rom_registers.o
                0x0100a248                        . = PROJECT_SECURE_OR_FLAT?(__OPTION_SETTING_S_Start + 0x48):__OPTION_SETTING_S_Start
 *(.option_setting_bps_sec2)
 .option_setting_bps_sec2
                0x0100a248        0x4 ./ra/fsp/src/bsp/mcu/all/bsp_rom_registers.o
                0x0100a24c                        . = PROJECT_SECURE_OR_FLAT?(__OPTION_SETTING_S_Start + 0x4c):__OPTION_SETTING_S_Start
 *(.option_setting_bps_sec3)
 .option_setting_bps_sec3
                0x0100a24c        0x4 ./ra/fsp/src/bsp/mcu/all/bsp_rom_registers.o
                0x0100a260                        . = PROJECT_SECURE_OR_FLAT?(__OPTION_SETTING_S_Start + 0x60):__OPTION_SETTING_S_Start
 *fill*         0x0100a250       0x10 ff